Archive member included to satisfy reference by file (symbol)

c:/st/stm32cubeide_1.11.2/stm32cubeide/plugins/com.st.stm32cube.ide.mcu.externaltools.gnu-tools-for-stm32.10.3-2021.10.win32_1.0.100.202210260954/tools/bin/../lib/gcc/arm-none-eabi/10.3.1/../../../../arm-none-eabi/lib/thumb/v7e-m+dp/hard\libc_nano.a(lib_a-errno.o)
                              ./Core/Src/syscalls.o (__errno)
c:/st/stm32cubeide_1.11.2/stm32cubeide/plugins/com.st.stm32cube.ide.mcu.externaltools.gnu-tools-for-stm32.10.3-2021.10.win32_1.0.100.202210260954/tools/bin/../lib/gcc/arm-none-eabi/10.3.1/../../../../arm-none-eabi/lib/thumb/v7e-m+dp/hard\libc_nano.a(lib_a-exit.o)
                              c:/st/stm32cubeide_1.11.2/stm32cubeide/plugins/com.st.stm32cube.ide.mcu.externaltools.gnu-tools-for-stm32.10.3-2021.10.win32_1.0.100.202210260954/tools/bin/../lib/gcc/arm-none-eabi/10.3.1/../../../../arm-none-eabi/lib/thumb/v7e-m+dp/hard/crt0.o (exit)
c:/st/stm32cubeide_1.11.2/stm32cubeide/plugins/com.st.stm32cube.ide.mcu.externaltools.gnu-tools-for-stm32.10.3-2021.10.win32_1.0.100.202210260954/tools/bin/../lib/gcc/arm-none-eabi/10.3.1/../../../../arm-none-eabi/lib/thumb/v7e-m+dp/hard\libc_nano.a(lib_a-impure.o)
                              c:/st/stm32cubeide_1.11.2/stm32cubeide/plugins/com.st.stm32cube.ide.mcu.externaltools.gnu-tools-for-stm32.10.3-2021.10.win32_1.0.100.202210260954/tools/bin/../lib/gcc/arm-none-eabi/10.3.1/../../../../arm-none-eabi/lib/thumb/v7e-m+dp/hard\libc_nano.a(lib_a-exit.o) (_global_impure_ptr)
c:/st/stm32cubeide_1.11.2/stm32cubeide/plugins/com.st.stm32cube.ide.mcu.externaltools.gnu-tools-for-stm32.10.3-2021.10.win32_1.0.100.202210260954/tools/bin/../lib/gcc/arm-none-eabi/10.3.1/../../../../arm-none-eabi/lib/thumb/v7e-m+dp/hard\libc_nano.a(lib_a-init.o)
                              c:/st/stm32cubeide_1.11.2/stm32cubeide/plugins/com.st.stm32cube.ide.mcu.externaltools.gnu-tools-for-stm32.10.3-2021.10.win32_1.0.100.202210260954/tools/bin/../lib/gcc/arm-none-eabi/10.3.1/../../../../arm-none-eabi/lib/thumb/v7e-m+dp/hard/crt0.o (__libc_init_array)
c:/st/stm32cubeide_1.11.2/stm32cubeide/plugins/com.st.stm32cube.ide.mcu.externaltools.gnu-tools-for-stm32.10.3-2021.10.win32_1.0.100.202210260954/tools/bin/../lib/gcc/arm-none-eabi/10.3.1/../../../../arm-none-eabi/lib/thumb/v7e-m+dp/hard\libc_nano.a(lib_a-memcpy-stub.o)
                              ./Drivers/STM32H7xx_HAL_Driver/stm32h7xx_hal_fdcan.o (memcpy)
c:/st/stm32cubeide_1.11.2/stm32cubeide/plugins/com.st.stm32cube.ide.mcu.externaltools.gnu-tools-for-stm32.10.3-2021.10.win32_1.0.100.202210260954/tools/bin/../lib/gcc/arm-none-eabi/10.3.1/../../../../arm-none-eabi/lib/thumb/v7e-m+dp/hard\libc_nano.a(lib_a-memset.o)
                              c:/st/stm32cubeide_1.11.2/stm32cubeide/plugins/com.st.stm32cube.ide.mcu.externaltools.gnu-tools-for-stm32.10.3-2021.10.win32_1.0.100.202210260954/tools/bin/../lib/gcc/arm-none-eabi/10.3.1/../../../../arm-none-eabi/lib/thumb/v7e-m+dp/hard/crt0.o (memset)
c:/st/stm32cubeide_1.11.2/stm32cubeide/plugins/com.st.stm32cube.ide.mcu.externaltools.gnu-tools-for-stm32.10.3-2021.10.win32_1.0.100.202210260954/tools/bin/../lib/gcc/arm-none-eabi/10.3.1/../../../../arm-none-eabi/lib/thumb/v7e-m+dp/hard\libc_nano.a(lib_a-sprintf.o)
                              ./Core/Src/stm32h7xx_it.o (sprintf)
c:/st/stm32cubeide_1.11.2/stm32cubeide/plugins/com.st.stm32cube.ide.mcu.externaltools.gnu-tools-for-stm32.10.3-2021.10.win32_1.0.100.202210260954/tools/bin/../lib/gcc/arm-none-eabi/10.3.1/../../../../arm-none-eabi/lib/thumb/v7e-m+dp/hard\libc_nano.a(lib_a-strlen.o)
                              ./Core/Src/stm32h7xx_it.o (strlen)
c:/st/stm32cubeide_1.11.2/stm32cubeide/plugins/com.st.stm32cube.ide.mcu.externaltools.gnu-tools-for-stm32.10.3-2021.10.win32_1.0.100.202210260954/tools/bin/../lib/gcc/arm-none-eabi/10.3.1/../../../../arm-none-eabi/lib/thumb/v7e-m+dp/hard\libc_nano.a(lib_a-nano-svfprintf.o)
                              c:/st/stm32cubeide_1.11.2/stm32cubeide/plugins/com.st.stm32cube.ide.mcu.externaltools.gnu-tools-for-stm32.10.3-2021.10.win32_1.0.100.202210260954/tools/bin/../lib/gcc/arm-none-eabi/10.3.1/../../../../arm-none-eabi/lib/thumb/v7e-m+dp/hard\libc_nano.a(lib_a-sprintf.o) (_svfprintf_r)
c:/st/stm32cubeide_1.11.2/stm32cubeide/plugins/com.st.stm32cube.ide.mcu.externaltools.gnu-tools-for-stm32.10.3-2021.10.win32_1.0.100.202210260954/tools/bin/../lib/gcc/arm-none-eabi/10.3.1/../../../../arm-none-eabi/lib/thumb/v7e-m+dp/hard\libc_nano.a(lib_a-nano-vfprintf_i.o)
                              c:/st/stm32cubeide_1.11.2/stm32cubeide/plugins/com.st.stm32cube.ide.mcu.externaltools.gnu-tools-for-stm32.10.3-2021.10.win32_1.0.100.202210260954/tools/bin/../lib/gcc/arm-none-eabi/10.3.1/../../../../arm-none-eabi/lib/thumb/v7e-m+dp/hard\libc_nano.a(lib_a-nano-svfprintf.o) (_printf_i)
[...]
Memory Configuration

Name             Origin             Length             Attributes
RAM_D1           0x0000000024000000 0x0000000000080000 xrw
FLASH            0x0000000008000000 0x0000000000100000 xr
DTCMRAM          0x0000000020000000 0x0000000000020000 xrw
RAM_D2           0x0000000030000000 0x0000000000048000 xrw
RAM_D3           0x0000000038000000 0x0000000000010000 xrw
ITCMRAM          0x0000000000000000 0x0000000000010000 xrw
*default*        0x0000000000000000 0xffffffffffffffff

Linker script and memory map

LOAD c:/st/stm32cubeide_1.11.2/stm32cubeide/plugins/com.st.stm32cube.ide.mcu.externaltools.gnu-tools-for-stm32.10.3-2021.10.win32_1.0.100.202210260954/tools/bin/../lib/gcc/arm-none-eabi/10.3.1/thumb/v7e-m+dp/hard/crti.o
LOAD c:/st/stm32cubeide_1.11.2/stm32cubeide/plugins/com.st.stm32cube.ide.mcu.externaltools.gnu-tools-for-stm32.10.3-2021.10.win32_1.0.100.202210260954/tools/bin/../lib/gcc/arm-none-eabi/10.3.1/thumb/v7e-m+dp/hard/crtbegin.o
LOAD c:/st/stm32cubeide_1.11.2/stm32cubeide/plugins/com.st.stm32cube.ide.mcu.externaltools.gnu-tools-for-stm32.10.3-2021.10.win32_1.0.100.202210260954/tools/bin/../lib/gcc/arm-none-eabi/10.3.1/../../../../arm-none-eabi/lib/thumb/v7e-m+dp/hard/crt0.o
LOAD ./Common/Src/system_stm32h7xx_dualcore_boot_cm4_cm7.o
LOAD ./Core/Src/absolute_encoder.o
LOAD ./Core/Src/dma.o
LOAD ./Core/Src/fdcan.o
LOAD ./Core/Src/gpio.o
LOAD ./Core/Src/main.o
LOAD ./Core/Src/motor_control.o
LOAD ./Core/Src/spi.o
LOAD ./Core/Src/stm32h7xx_hal_msp.o
LOAD ./Core/Src/stm32h7xx_it.o
LOAD ./Core/Src/syscalls.o
LOAD ./Core/Src/sysmem.o
LOAD ./Core/Src/tim.o
LOAD ./Core/Src/usart.o
LOAD ./Core/Startup/startup_stm32h745zitx.o
LOAD ./Drivers/STM32H7xx_HAL_Driver/stm32h7xx_hal.o
LOAD ./Drivers/STM32H7xx_HAL_Driver/stm32h7xx_hal_cortex.o
LOAD ./Drivers/STM32H7xx_HAL_Driver/stm32h7xx_hal_dma.o
LOAD ./Drivers/STM32H7xx_HAL_Driver/stm32h7xx_hal_dma_ex.o
LOAD ./Drivers/STM32H7xx_HAL_Driver/stm32h7xx_hal_exti.o
LOAD ./Drivers/STM32H7xx_HAL_Driver/stm32h7xx_hal_fdcan.o
LOAD ./Drivers/STM32H7xx_HAL_Driver/stm32h7xx_hal_flash.o
LOAD ./Drivers/STM32H7xx_HAL_Driver/stm32h7xx_hal_flash_ex.o
LOAD ./Drivers/STM32H7xx_HAL_Driver/stm32h7xx_hal_gpio.o
LOAD ./Drivers/STM32H7xx_HAL_Driver/stm32h7xx_hal_hsem.o
LOAD ./Drivers/STM32H7xx_HAL_Driver/stm32h7xx_hal_i2c.o
LOAD ./Drivers/STM32H7xx_HAL_Driver/stm32h7xx_hal_i2c_ex.o
LOAD ./Drivers/STM32H7xx_HAL_Driver/stm32h7xx_hal_mdma.o
LOAD ./Drivers/STM32H7xx_HAL_Driver/stm32h7xx_hal_pwr.o
LOAD ./Drivers/STM32H7xx_HAL_Driver/stm32h7xx_hal_pwr_ex.o
LOAD ./Drivers/STM32H7xx_HAL_Driver/stm32h7xx_hal_rcc.o
LOAD ./Drivers/STM32H7xx_HAL_Driver/stm32h7xx_hal_rcc_ex.o
LOAD ./Drivers/STM32H7xx_HAL_Driver/stm32h7xx_hal_spi.o
LOAD ./Drivers/STM32H7xx_HAL_Driver/stm32h7xx_hal_spi_ex.o
LOAD ./Drivers/STM32H7xx_HAL_Driver/stm32h7xx_hal_tim.o
LOAD ./Drivers/STM32H7xx_HAL_Driver/stm32h7xx_hal_tim_ex.o
LOAD ./Drivers/STM32H7xx_HAL_Driver/stm32h7xx_hal_uart.o
LOAD ./Drivers/STM32H7xx_HAL_Driver/stm32h7xx_hal_uart_ex.o
START GROUP
LOAD c:/st/stm32cubeide_1.11.2/stm32cubeide/plugins/com.st.stm32cube.ide.mcu.externaltools.gnu-tools-for-stm32.10.3-2021.10.win32_1.0.100.202210260954/tools/bin/../lib/gcc/arm-none-eabi/10.3.1/../../../../arm-none-eabi/lib/thumb/v7e-m+dp/hard\libc_nano.a
LOAD c:/st/stm32cubeide_1.11.2/stm32cubeide/plugins/com.st.stm32cube.ide.mcu.externaltools.gnu-tools-for-stm32.10.3-2021.10.win32_1.0.100.202210260954/tools/bin/../lib/gcc/arm-none-eabi/10.3.1/../../../../arm-none-eabi/lib/thumb/v7e-m+dp/hard\libm.a
END GROUP
START GROUP
LOAD c:/st/stm32cubeide_1.11.2/stm32cubeide/plugins/com.st.stm32cube.ide.mcu.externaltools.gnu-tools-for-stm32.10.3-2021.10.win32_1.0.100.202210260954/tools/bin/../lib/gcc/arm-none-eabi/10.3.1/thumb/v7e-m+dp/hard\libgcc.a
LOAD c:/st/stm32cubeide_1.11.2/stm32cubeide/plugins/com.st.stm32cube.ide.mcu.externaltools.gnu-tools-for-stm32.10.3-2021.10.win32_1.0.100.202210260954/tools/bin/../lib/gcc/arm-none-eabi/10.3.1/../../../../arm-none-eabi/lib/thumb/v7e-m+dp/hard\libc_nano.a
END GROUP
START GROUP
LOAD c:/st/stm32cubeide_1.11.2/stm32cubeide/plugins/com.st.stm32cube.ide.mcu.externaltools.gnu-tools-for-stm32.10.3-2021.10.win32_1.0.100.202210260954/tools/bin/../lib/gcc/arm-none-eabi/10.3.1/thumb/v7e-m+dp/hard\libgcc.a
LOAD c:/st/stm32cubeide_1.11.2/stm32cubeide/plugins/com.st.stm32cube.ide.mcu.externaltools.gnu-tools-for-stm32.10.3-2021.10.win32_1.0.100.202210260954/tools/bin/../lib/gcc/arm-none-eabi/10.3.1/../../../../arm-none-eabi/lib/thumb/v7e-m+dp/hard\libc_nano.a
LOAD c:/st/stm32cubeide_1.11.2/stm32cubeide/plugins/com.st.stm32cube.ide.mcu.externaltools.gnu-tools-for-stm32.10.3-2021.10.win32_1.0.100.202210260954/tools/bin/../lib/gcc/arm-none-eabi/10.3.1/../../../../arm-none-eabi/lib/thumb/v7e-m+dp/hard\libnosys.a
END GROUP
START GROUP
LOAD c:/st/stm32cubeide_1.11.2/stm32cubeide/plugins/com.st.stm32cube.ide.mcu.externaltools.gnu-tools-for-stm32.10.3-2021.10.win32_1.0.100.202210260954/tools/bin/../lib/gcc/arm-none-eabi/10.3.1/thumb/v7e-m+dp/hard\libgcc.a
LOAD c:/st/stm32cubeide_1.11.2/stm32cubeide/plugins/com.st.stm32cube.ide.mcu.externaltools.gnu-tools-for-stm32.10.3-2021.10.win32_1.0.100.202210260954/tools/bin/../lib/gcc/arm-none-eabi/10.3.1/../../../../arm-none-eabi/lib/thumb/v7e-m+dp/hard\libc_nano.a
LOAD c:/st/stm32cubeide_1.11.2/stm32cubeide/plugins/com.st.stm32cube.ide.mcu.externaltools.gnu-tools-for-stm32.10.3-2021.10.win32_1.0.100.202210260954/tools/bin/../lib/gcc/arm-none-eabi/10.3.1/../../../../arm-none-eabi/lib/thumb/v7e-m+dp/hard\libnosys.a
END GROUP
LOAD c:/st/stm32cubeide_1.11.2/stm32cubeide/plugins/com.st.stm32cube.ide.mcu.externaltools.gnu-tools-for-stm32.10.3-2021.10.win32_1.0.100.202210260954/tools/bin/../lib/gcc/arm-none-eabi/10.3.1/thumb/v7e-m+dp/hard/crtend.o
LOAD c:/st/stm32cubeide_1.11.2/stm32cubeide/plugins/com.st.stm32cube.ide.mcu.externaltools.gnu-tools-for-stm32.10.3-2021.10.win32_1.0.100.202210260954/tools/bin/../lib/gcc/arm-none-eabi/10.3.1/thumb/v7e-m+dp/hard/crtn.o
                0x0000000024080000                _estack = (ORIGIN (RAM_D1) + LENGTH (RAM_D1))
                0x0000000000000200                _Min_Heap_Size = 0x200
                0x0000000000000400                _Min_Stack_Size = 0x400

.isr_vector     0x0000000008000000      0x298
                0x0000000008000000                . = ALIGN (0x4)
 *(.isr_vector)
 .isr_vector    0x0000000008000000      0x298 ./Core/Startup/startup_stm32h745zitx.o
                0x0000000008000000                g_pfnVectors
                0x0000000008000298                . = ALIGN (0x4)

.text           0x00000000080002a0     0xea5c
                0x00000000080002a0                . = ALIGN (0x4)
 *(.text)
 .text          0x00000000080002a0       0x40 c:/st/stm32cubeide_1.11.2/stm32cubeide/plugins/com.st.stm32cube.ide.mcu.externaltools.gnu-tools-for-stm32.10.3-2021.10.win32_1.0.100.202210260954/tools/bin/../lib/gcc/arm-none-eabi/10.3.1/thumb/v7e-m+dp/hard/crtbegin.o
 .text          0x00000000080002e0       0x10 c:/st/stm32cubeide_1.11.2/stm32cubeide/plugins/com.st.stm32cube.ide.mcu.externaltools.gnu-tools-for-stm32.10.3-2021.10.win32_1.0.100.202210260954/tools/bin/../lib/gcc/arm-none-eabi/10.3.1/../../../../arm-none-eabi/lib/thumb/v7e-m+dp/hard\libc_nano.a(lib_a-strlen.o)
                0x00000000080002e0                strlen
 .text          0x00000000080002f0       0xa0 c:/st/stm32cubeide_1.11.2/stm32cubeide/plugins/com.st.stm32cube.ide.mcu.externaltools.gnu-tools-for-stm32.10.3-2021.10.win32_1.0.100.202210260954/tools/bin/../lib/gcc/arm-none-eabi/10.3.1/../../../../arm-none-eabi/lib/thumb/v7e-m+dp/hard\libc_nano.a(lib_a-memchr.o)
                0x00000000080002f0                memchr
 .text          0x0000000008000390       0x30 c:/st/stm32cubeide_1.11.2/stm32cubeide/plugins/com.st.stm32cube.ide.mcu.externaltools.gnu-tools-for-stm32.10.3-2021.10.win32_1.0.100.202210260954/tools/bin/../lib/gcc/arm-none-eabi/10.3.1/thumb/v7e-m+dp/hard\libgcc.a(_aeabi_uldivmod.o)
                0x0000000008000390                __aeabi_uldivmod
 .text          0x00000000080003c0      0x2d0 c:/st/stm32cubeide_1.11.2/stm32cubeide/plugins/com.st.stm32cube.ide.mcu.externaltools.gnu-tools-for-stm32.10.3-2021.10.win32_1.0.100.202210260954/tools/bin/../lib/gcc/arm-none-eabi/10.3.1/thumb/v7e-m+dp/hard\libgcc.a(_udivmoddi4.o)
                0x00000000080003c0                __udivmoddi4
 .text          0x0000000008000690        0x4 c:/st/stm32cubeide_1.11.2/stm32cubeide/plugins/com.st.stm32cube.ide.mcu.externaltools.gnu-tools-for-stm32.10.3-2021.10.win32_1.0.100.202210260954/tools/bin/../lib/gcc/arm-none-eabi/10.3.1/thumb/v7e-m+dp/hard\libgcc.a(_dvmd_tls.o)
                0x0000000008000690                __aeabi_idiv0
                0x0000000008000690                __aeabi_ldiv0
 *(.text*)
 .text.SystemInit
                0x0000000008000694      0x12c ./Common/Src/system_stm32h7xx_dualcore_boot_cm4_cm7.o
                0x0000000008000694                SystemInit
 .text.spiAbsoluteEncoderInitialize
                0x00000000080007c0      0x14c ./Core/Src/absolute_encoder.o
                0x00000000080007c0                spiAbsoluteEncoderInitialize
 .text.getPosSPI1
                0x000000000800090c       0xd4 ./Core/Src/absolute_encoder.o
                0x000000000800090c                getPosSPI1
 .text.getPosSPI3
                0x00000000080009e0       0xd4 ./Core/Src/absolute_encoder.o
                0x00000000080009e0                getPosSPI3
 .text.getPosSPI5
                0x0000000008000ab4       0xd4 ./Core/Src/absolute_encoder.o
                0x0000000008000ab4                getPosSPI5
 .text.MX_DMA_Init
                0x0000000008000b88       0x70 ./Core/Src/dma.o
                0x0000000008000b88                MX_DMA_Init
 .text.MX_FDCAN1_Init
                0x0000000008000bf8       0xcc ./Core/Src/fdcan.o
                0x0000000008000bf8                MX_FDCAN1_Init
 .text.HAL_FDCAN_MspInit
                0x0000000008000cc4      0x104 ./Core/Src/fdcan.o
                0x0000000008000cc4                HAL_FDCAN_MspInit
 .text.MX_GPIO_Init
                0x0000000008000dc8      0x334 ./Core/Src/gpio.o
                0x0000000008000dc8                MX_GPIO_Init
 .text.HAL_FDCAN_RxFifo0Callback
                0x00000000080010fc      0x368 ./Core/Src/main.o
                0x00000000080010fc                HAL_FDCAN_RxFifo0Callback
 .text.main     0x0000000008001464      0x32c ./Core/Src/main.o
                0x0000000008001464                main
 .text.SystemClock_Config
                0x0000000008001790      0x100 ./Core/Src/main.o
                0x0000000008001790                SystemClock_Config
 .text.HAL_UART_RxCpltCallback
                0x0000000008001890      0x290 ./Core/Src/main.o
                0x0000000008001890                HAL_UART_RxCpltCallback
 .text.Error_Handler
                0x0000000008001b20        0xe ./Core/Src/main.o
                0x0000000008001b20                Error_Handler
 .text.Position_Controller
                0x0000000008001b2e      0x184 ./Core/Src/motor_control.o
                0x0000000008001b2e                Position_Controller
 .text.Velocity_Controller
                0x0000000008001cb2      0x186 ./Core/Src/motor_control.o
                0x0000000008001cb2                Velocity_Controller
 .text.Init_PID
                0x0000000008001e38      0x2f8 ./Core/Src/motor_control.o
                0x0000000008001e38                Init_PID
 .text.MX_SPI1_Init
                0x0000000008002130       0xb0 ./Core/Src/spi.o
                0x0000000008002130                MX_SPI1_Init
 .text.MX_SPI2_Init
                0x00000000080021e0       0xb0 ./Core/Src/spi.o
                0x00000000080021e0                MX_SPI2_Init
 .text.MX_SPI3_Init
                0x0000000008002290       0xb0 ./Core/Src/spi.o
                0x0000000008002290                MX_SPI3_Init
 .text.MX_SPI4_Init
                0x0000000008002340       0xb0 ./Core/Src/spi.o
                0x0000000008002340                MX_SPI4_Init
 .text.MX_SPI5_Init
                0x00000000080023f0       0xb0 ./Core/Src/spi.o
                0x00000000080023f0                MX_SPI5_Init
 .text.MX_SPI6_Init
                0x00000000080024a0       0xb0 ./Core/Src/spi.o
                0x00000000080024a0                MX_SPI6_Init
 .text.HAL_SPI_MspInit
                0x0000000008002550      0x5d8 ./Core/Src/spi.o
                0x0000000008002550                HAL_SPI_MspInit
 .text.HAL_MspInit
                0x0000000008002b28       0x34 ./Core/Src/stm32h7xx_hal_msp.o
                0x0000000008002b28                HAL_MspInit
 .text.NMI_Handler
                0x0000000008002b5c        0x6 ./Core/Src/stm32h7xx_it.o
                0x0000000008002b5c                NMI_Handler
 .text.HardFault_Handler
                0x0000000008002b62        0x6 ./Core/Src/stm32h7xx_it.o
                0x0000000008002b62                HardFault_Handler
 .text.MemManage_Handler
                0x0000000008002b68        0x6 ./Core/Src/stm32h7xx_it.o
                0x0000000008002b68                MemManage_Handler
 .text.BusFault_Handler
                0x0000000008002b6e        0x6 ./Core/Src/stm32h7xx_it.o
                0x0000000008002b6e                BusFault_Handler
 .text.UsageFault_Handler
                0x0000000008002b74        0x6 ./Core/Src/stm32h7xx_it.o
                0x0000000008002b74                UsageFault_Handler
 .text.SVC_Handler
                0x0000000008002b7a        0xe ./Core/Src/stm32h7xx_it.o
                0x0000000008002b7a                SVC_Handler
 .text.DebugMon_Handler
                0x0000000008002b88        0xe ./Core/Src/stm32h7xx_it.o
                0x0000000008002b88                DebugMon_Handler
 .text.PendSV_Handler
                0x0000000008002b96        0xe ./Core/Src/stm32h7xx_it.o
                0x0000000008002b96                PendSV_Handler
 .text.SysTick_Handler
                0x0000000008002ba4        0xc ./Core/Src/stm32h7xx_it.o
                0x0000000008002ba4                SysTick_Handler
 .text.DMA1_Stream0_IRQHandler
                0x0000000008002bb0       0x14 ./Core/Src/stm32h7xx_it.o
                0x0000000008002bb0                DMA1_Stream0_IRQHandler
 .text.DMA1_Stream1_IRQHandler
                0x0000000008002bc4       0x14 ./Core/Src/stm32h7xx_it.o
                0x0000000008002bc4                DMA1_Stream1_IRQHandler
 .text.DMA1_Stream2_IRQHandler
                0x0000000008002bd8       0x14 ./Core/Src/stm32h7xx_it.o
                0x0000000008002bd8                DMA1_Stream2_IRQHandler
 .text.DMA1_Stream3_IRQHandler
                0x0000000008002bec       0x14 ./Core/Src/stm32h7xx_it.o
                0x0000000008002bec                DMA1_Stream3_IRQHandler
 .text.FDCAN1_IT0_IRQHandler
                0x0000000008002c00       0x28 ./Core/Src/stm32h7xx_it.o
                0x0000000008002c00                FDCAN1_IT0_IRQHandler
 .text.FDCAN1_IT1_IRQHandler
                0x0000000008002c28       0x20 ./Core/Src/stm32h7xx_it.o
                0x0000000008002c28                FDCAN1_IT1_IRQHandler
 .text.USART1_IRQHandler
                0x0000000008002c48       0x14 ./Core/Src/stm32h7xx_it.o
                0x0000000008002c48                USART1_IRQHandler
 *fill*         0x0000000008002c5c        0x4 
 .text.TIM7_IRQHandler
                0x0000000008002c60      0xcac ./Core/Src/stm32h7xx_it.o
                0x0000000008002c60                TIM7_IRQHandler
 .text.FDCAN_CAL_IRQHandler
                0x000000000800390c       0x14 ./Core/Src/stm32h7xx_it.o
                0x000000000800390c                FDCAN_CAL_IRQHandler
 .text.USART6_IRQHandler
                0x0000000008003920       0x14 ./Core/Src/stm32h7xx_it.o
                0x0000000008003920                USART6_IRQHandler
 .text._sbrk    0x0000000008003934       0x6c ./Core/Src/sysmem.o
                0x0000000008003934                _sbrk
 .text.MX_TIM7_Init
                0x00000000080039a0       0x6c ./Core/Src/tim.o
                0x00000000080039a0                MX_TIM7_Init
 .text.HAL_TIM_Base_MspInit
                0x0000000008003a0c       0x50 ./Core/Src/tim.o
                0x0000000008003a0c                HAL_TIM_Base_MspInit
 .text.MX_USART1_UART_Init
                0x0000000008003a5c       0xa0 ./Core/Src/usart.o
                0x0000000008003a5c                MX_USART1_UART_Init
 .text.MX_USART6_UART_Init
                0x0000000008003afc       0x98 ./Core/Src/usart.o
                0x0000000008003afc                MX_USART6_UART_Init
 .text.HAL_UART_MspInit
                0x0000000008003b94      0x354 ./Core/Src/usart.o
                0x0000000008003b94                HAL_UART_MspInit
 .text.Reset_Handler
                0x0000000008003ee8       0x50 ./Core/Startup/startup_stm32h745zitx.o
                0x0000000008003ee8                Reset_Handler
 .text.Default_Handler
                0x0000000008003f38        0x2 ./Core/Startup/startup_stm32h745zitx.o
                0x0000000008003f38                RTC_Alarm_IRQHandler
                0x0000000008003f38                EXTI2_IRQHandler
                0x0000000008003f38                TIM8_CC_IRQHandler
                0x0000000008003f38                HRTIM1_Master_IRQHandler
                0x0000000008003f38                UART8_IRQHandler
                0x0000000008003f38                SPI4_IRQHandler
                0x0000000008003f38                TIM1_CC_IRQHandler
                0x0000000008003f38                BDMA_Channel6_IRQHandler
                0x0000000008003f38                DMA2_Stream5_IRQHandler
                0x0000000008003f38                HRTIM1_FLT_IRQHandler
                0x0000000008003f38                JPEG_IRQHandler
                0x0000000008003f38                DMA1_Stream5_IRQHandler
                0x0000000008003f38                BDMA_Channel1_IRQHandler
                0x0000000008003f38                HRTIM1_TIMD_IRQHandler
                0x0000000008003f38                TAMP_STAMP_IRQHandler
                0x0000000008003f38                EXTI3_IRQHandler
                0x0000000008003f38                LPTIM4_IRQHandler
                0x0000000008003f38                TIM8_TRG_COM_TIM14_IRQHandler
                0x0000000008003f38                LPTIM2_IRQHandler
                0x0000000008003f38                DFSDM1_FLT1_IRQHandler
                0x0000000008003f38                DMAMUX2_OVR_IRQHandler
                0x0000000008003f38                TIM8_UP_TIM13_IRQHandler
                0x0000000008003f38                I2C3_ER_IRQHandler
                0x0000000008003f38                DFSDM1_FLT2_IRQHandler
                0x0000000008003f38                MDMA_IRQHandler
                0x0000000008003f38                LPTIM3_IRQHandler
                0x0000000008003f38                HSEM1_IRQHandler
                0x0000000008003f38                EXTI0_IRQHandler
                0x0000000008003f38                I2C2_EV_IRQHandler
                0x0000000008003f38                FPU_IRQHandler
                0x0000000008003f38                OTG_HS_WKUP_IRQHandler
                0x0000000008003f38                LTDC_ER_IRQHandler
                0x0000000008003f38                DMA2_Stream2_IRQHandler
                0x0000000008003f38                HRTIM1_TIME_IRQHandler
                0x0000000008003f38                SPI1_IRQHandler
                0x0000000008003f38                TIM6_DAC_IRQHandler
                0x0000000008003f38                DCMI_IRQHandler
                0x0000000008003f38                HRTIM1_TIMC_IRQHandler
                0x0000000008003f38                DMA2_Stream3_IRQHandler
                0x0000000008003f38                SAI2_IRQHandler
                0x0000000008003f38                DFSDM1_FLT3_IRQHandler
                0x0000000008003f38                TIM17_IRQHandler
                0x0000000008003f38                USART3_IRQHandler
                0x0000000008003f38                BDMA_Channel7_IRQHandler
                0x0000000008003f38                LPTIM5_IRQHandler
                0x0000000008003f38                UART5_IRQHandler
                0x0000000008003f38                ADC3_IRQHandler
                0x0000000008003f38                DMA2_Stream0_IRQHandler
                0x0000000008003f38                TIM4_IRQHandler
                0x0000000008003f38                BDMA_Channel2_IRQHandler
                0x0000000008003f38                QUADSPI_IRQHandler
                0x0000000008003f38                I2C1_EV_IRQHandler
                0x0000000008003f38                DMA1_Stream6_IRQHandler
                0x0000000008003f38                DMAMUX1_OVR_IRQHandler
                0x0000000008003f38                TIM16_IRQHandler
                0x0000000008003f38                UART4_IRQHandler
                0x0000000008003f38                BDMA_Channel5_IRQHandler
                0x0000000008003f38                TIM3_IRQHandler
                0x0000000008003f38                RCC_IRQHandler
                0x0000000008003f38                TIM8_BRK_TIM12_IRQHandler
                0x0000000008003f38                TIM1_TRG_COM_IRQHandler
                0x0000000008003f38                Default_Handler
                0x0000000008003f38                ECC_IRQHandler
                0x0000000008003f38                CEC_IRQHandler
                0x0000000008003f38                EXTI15_10_IRQHandler
                0x0000000008003f38                BDMA_Channel0_IRQHandler
                0x0000000008003f38                ADC_IRQHandler
                0x0000000008003f38                DMA1_Stream7_IRQHandler
                0x0000000008003f38                HRTIM1_TIMA_IRQHandler
                0x0000000008003f38                SPI5_IRQHandler
                0x0000000008003f38                SDMMC1_IRQHandler
                0x0000000008003f38                TIM5_IRQHandler
                0x0000000008003f38                DMA2_Stream7_IRQHandler
                0x0000000008003f38                TIM15_IRQHandler
                0x0000000008003f38                PVD_AVD_IRQHandler
                0x0000000008003f38                I2C3_EV_IRQHandler
                0x0000000008003f38                EXTI9_5_IRQHandler
                0x0000000008003f38                RTC_WKUP_IRQHandler
                0x0000000008003f38                LTDC_IRQHandler
                0x0000000008003f38                SAI3_IRQHandler
                0x0000000008003f38                ETH_WKUP_IRQHandler
                0x0000000008003f38                SPDIF_RX_IRQHandler
                0x0000000008003f38                SPI2_IRQHandler
                0x0000000008003f38                OTG_HS_EP1_IN_IRQHandler
                0x0000000008003f38                CRS_IRQHandler
                0x0000000008003f38                CM7_SEV_IRQHandler
                0x0000000008003f38                EXTI4_IRQHandler
                0x0000000008003f38                RNG_IRQHandler
                0x0000000008003f38                CM4_SEV_IRQHandler
                0x0000000008003f38                HRTIM1_TIMB_IRQHandler
                0x0000000008003f38                FDCAN2_IT1_IRQHandler
                0x0000000008003f38                ETH_IRQHandler
                0x0000000008003f38                TIM1_UP_IRQHandler
                0x0000000008003f38                WWDG_RST_IRQHandler
                0x0000000008003f38                BDMA_Channel4_IRQHandler
                0x0000000008003f38                OTG_HS_EP1_OUT_IRQHandler
                0x0000000008003f38                WWDG_IRQHandler
                0x0000000008003f38                SPI6_IRQHandler
                0x0000000008003f38                MDIOS_IRQHandler
                0x0000000008003f38                I2C4_EV_IRQHandler
                0x0000000008003f38                FDCAN2_IT0_IRQHandler
                0x0000000008003f38                LPUART1_IRQHandler
                0x0000000008003f38                TIM2_IRQHandler
                0x0000000008003f38                OTG_FS_WKUP_IRQHandler
                0x0000000008003f38                OTG_HS_IRQHandler
                0x0000000008003f38                HSEM2_IRQHandler
                0x0000000008003f38                DMA2D_IRQHandler
                0x0000000008003f38                TIM1_BRK_IRQHandler
                0x0000000008003f38                EXTI1_IRQHandler
                0x0000000008003f38                SDMMC2_IRQHandler
                0x0000000008003f38                OTG_FS_EP1_OUT_IRQHandler
                0x0000000008003f38                BDMA_Channel3_IRQHandler
                0x0000000008003f38                HOLD_CORE_IRQHandler
                0x0000000008003f38                UART7_IRQHandler
                0x0000000008003f38                MDIOS_WKUP_IRQHandler
                0x0000000008003f38                USART2_IRQHandler
                0x0000000008003f38                DFSDM1_FLT0_IRQHandler
                0x0000000008003f38                SAI4_IRQHandler
                0x0000000008003f38                I2C2_ER_IRQHandler
                0x0000000008003f38                DMA2_Stream1_IRQHandler
                0x0000000008003f38                FLASH_IRQHandler
                0x0000000008003f38                DMA2_Stream4_IRQHandler
                0x0000000008003f38                OTG_FS_IRQHandler
                0x0000000008003f38                SPI3_IRQHandler
                0x0000000008003f38                WAKEUP_PIN_IRQHandler
                0x0000000008003f38                DMA1_Stream4_IRQHandler
                0x0000000008003f38                OTG_FS_EP1_IN_IRQHandler
                0x0000000008003f38                I2C1_ER_IRQHandler
                0x0000000008003f38                FMC_IRQHandler
                0x0000000008003f38                SWPMI1_IRQHandler
                0x0000000008003f38                COMP1_IRQHandler
                0x0000000008003f38                LPTIM1_IRQHandler
                0x0000000008003f38                I2C4_ER_IRQHandler
                0x0000000008003f38                DMA2_Stream6_IRQHandler
                0x0000000008003f38                SAI1_IRQHandler
 *fill*         0x0000000008003f3a        0x2 
 .text.HAL_Init
                0x0000000008003f3c       0x78 ./Drivers/STM32H7xx_HAL_Driver/stm32h7xx_hal.o
                0x0000000008003f3c                HAL_Init
 .text.HAL_InitTick
                0x0000000008003fb4       0x6c ./Drivers/STM32H7xx_HAL_Driver/stm32h7xx_hal.o
                0x0000000008003fb4                HAL_InitTick
 .text.HAL_IncTick
                0x0000000008004020       0x28 ./Drivers/STM32H7xx_HAL_Driver/stm32h7xx_hal.o
                0x0000000008004020                HAL_IncTick
 .text.HAL_GetTick
                0x0000000008004048       0x18 ./Drivers/STM32H7xx_HAL_Driver/stm32h7xx_hal.o
                0x0000000008004048                HAL_GetTick
 .text.HAL_GetREVID
                0x0000000008004060       0x18 ./Drivers/STM32H7xx_HAL_Driver/stm32h7xx_hal.o
                0x0000000008004060                HAL_GetREVID
 .text.__NVIC_SetPriorityGrouping
                0x0000000008004078       0x48 ./Drivers/STM32H7xx_HAL_Driver/stm32h7xx_hal_cortex.o
 .text.__NVIC_GetPriorityGrouping
                0x00000000080040c0       0x1c ./Drivers/STM32H7xx_HAL_Driver/stm32h7xx_hal_cortex.o
 .text.__NVIC_EnableIRQ
                0x00000000080040dc       0x3c ./Drivers/STM32H7xx_HAL_Driver/stm32h7xx_hal_cortex.o
 .text.__NVIC_SetPriority
                0x0000000008004118       0x54 ./Drivers/STM32H7xx_HAL_Driver/stm32h7xx_hal_cortex.o
 .text.NVIC_EncodePriority
                0x000000000800416c       0x66 ./Drivers/STM32H7xx_HAL_Driver/stm32h7xx_hal_cortex.o
 *fill*         0x00000000080041d2        0x2 
 .text.SysTick_Config
                0x00000000080041d4       0x44 ./Drivers/STM32H7xx_HAL_Driver/stm32h7xx_hal_cortex.o
 .text.HAL_NVIC_SetPriorityGrouping
                0x0000000008004218       0x16 ./Drivers/STM32H7xx_HAL_Driver/stm32h7xx_hal_cortex.o
                0x0000000008004218                HAL_NVIC_SetPriorityGrouping
 .text.HAL_NVIC_SetPriority
                0x000000000800422e       0x34 ./Drivers/STM32H7xx_HAL_Driver/stm32h7xx_hal_cortex.o
                0x000000000800422e                HAL_NVIC_SetPriority
 .text.HAL_NVIC_EnableIRQ
                0x0000000008004262       0x1c ./Drivers/STM32H7xx_HAL_Driver/stm32h7xx_hal_cortex.o
                0x0000000008004262                HAL_NVIC_EnableIRQ
 .text.HAL_SYSTICK_Config
                0x000000000800427e       0x18 ./Drivers/STM32H7xx_HAL_Driver/stm32h7xx_hal_cortex.o
                0x000000000800427e                HAL_SYSTICK_Config
 *fill*         0x0000000008004296        0x2 
 .text.HAL_DMA_Init
                0x0000000008004298      0x6b8 ./Drivers/STM32H7xx_HAL_Driver/stm32h7xx_hal_dma.o
                0x0000000008004298                HAL_DMA_Init
 .text.HAL_DMA_Start_IT
                0x0000000008004950      0x4d4 ./Drivers/STM32H7xx_HAL_Driver/stm32h7xx_hal_dma.o
                0x0000000008004950                HAL_DMA_Start_IT
 .text.HAL_DMA_Abort
                0x0000000008004e24      0x63c ./Drivers/STM32H7xx_HAL_Driver/stm32h7xx_hal_dma.o
                0x0000000008004e24                HAL_DMA_Abort
 .text.HAL_DMA_Abort_IT
                0x0000000008005460      0x48c ./Drivers/STM32H7xx_HAL_Driver/stm32h7xx_hal_dma.o
                0x0000000008005460                HAL_DMA_Abort_IT
 .text.HAL_DMA_IRQHandler
                0x00000000080058ec      0xe54 ./Drivers/STM32H7xx_HAL_Driver/stm32h7xx_hal_dma.o
                0x00000000080058ec                HAL_DMA_IRQHandler
 .text.DMA_SetConfig
                0x0000000008006740      0x358 ./Drivers/STM32H7xx_HAL_Driver/stm32h7xx_hal_dma.o
 .text.DMA_CalcBaseAndBitshift
                0x0000000008006a98      0x164 ./Drivers/STM32H7xx_HAL_Driver/stm32h7xx_hal_dma.o
 .text.DMA_CheckFifoParam
                0x0000000008006bfc       0xf8 ./Drivers/STM32H7xx_HAL_Driver/stm32h7xx_hal_dma.o
 .text.DMA_CalcDMAMUXChannelBaseAndMask
                0x0000000008006cf4      0x134 ./Drivers/STM32H7xx_HAL_Driver/stm32h7xx_hal_dma.o
 .text.DMA_CalcDMAMUXRequestGenBaseAndMask
                0x0000000008006e28       0xe8 ./Drivers/STM32H7xx_HAL_Driver/stm32h7xx_hal_dma.o
 .text.HAL_FDCAN_Init
                0x0000000008006f10      0x3bc ./Drivers/STM32H7xx_HAL_Driver/stm32h7xx_hal_fdcan.o
                0x0000000008006f10                HAL_FDCAN_Init
 .text.HAL_FDCAN_ConfigFilter
                0x00000000080072cc       0xec ./Drivers/STM32H7xx_HAL_Driver/stm32h7xx_hal_fdcan.o
                0x00000000080072cc                HAL_FDCAN_ConfigFilter
 .text.HAL_FDCAN_ConfigGlobalFilter
                0x00000000080073b8       0x5a ./Drivers/STM32H7xx_HAL_Driver/stm32h7xx_hal_fdcan.o
                0x00000000080073b8                HAL_FDCAN_ConfigGlobalFilter
 .text.HAL_FDCAN_Start
                0x0000000008007412       0x56 ./Drivers/STM32H7xx_HAL_Driver/stm32h7xx_hal_fdcan.o
                0x0000000008007412                HAL_FDCAN_Start
 .text.HAL_FDCAN_AddMessageToTxFifoQ
                0x0000000008007468       0xb6 ./Drivers/STM32H7xx_HAL_Driver/stm32h7xx_hal_fdcan.o
                0x0000000008007468                HAL_FDCAN_AddMessageToTxFifoQ
 *fill*         0x000000000800751e        0x2 
 .text.HAL_FDCAN_GetRxMessage
                0x0000000008007520      0x2dc ./Drivers/STM32H7xx_HAL_Driver/stm32h7xx_hal_fdcan.o
                0x0000000008007520                HAL_FDCAN_GetRxMessage
 .text.HAL_FDCAN_ConfigInterruptLines
                0x00000000080077fc       0x6c ./Drivers/STM32H7xx_HAL_Driver/stm32h7xx_hal_fdcan.o
                0x00000000080077fc                HAL_FDCAN_ConfigInterruptLines
 .text.HAL_FDCAN_ActivateNotification
                0x0000000008007868       0xf4 ./Drivers/STM32H7xx_HAL_Driver/stm32h7xx_hal_fdcan.o
                0x0000000008007868                HAL_FDCAN_ActivateNotification
 .text.HAL_FDCAN_IRQHandler
                0x000000000800795c      0x4bc ./Drivers/STM32H7xx_HAL_Driver/stm32h7xx_hal_fdcan.o
                0x000000000800795c                HAL_FDCAN_IRQHandler
 .text.HAL_FDCAN_ClockCalibrationCallback
                0x0000000008007e18       0x16 ./Drivers/STM32H7xx_HAL_Driver/stm32h7xx_hal_fdcan.o
                0x0000000008007e18                HAL_FDCAN_ClockCalibrationCallback
 .text.HAL_FDCAN_TxEventFifoCallback
                0x0000000008007e2e       0x16 ./Drivers/STM32H7xx_HAL_Driver/stm32h7xx_hal_fdcan.o
                0x0000000008007e2e                HAL_FDCAN_TxEventFifoCallback
 .text.HAL_FDCAN_RxFifo1Callback
                0x0000000008007e44       0x16 ./Drivers/STM32H7xx_HAL_Driver/stm32h7xx_hal_fdcan.o
                0x0000000008007e44                HAL_FDCAN_RxFifo1Callback
 .text.HAL_FDCAN_TxFifoEmptyCallback
                0x0000000008007e5a       0x14 ./Drivers/STM32H7xx_HAL_Driver/stm32h7xx_hal_fdcan.o
                0x0000000008007e5a                HAL_FDCAN_TxFifoEmptyCallback
 .text.HAL_FDCAN_TxBufferCompleteCallback
                0x0000000008007e6e       0x16 ./Drivers/STM32H7xx_HAL_Driver/stm32h7xx_hal_fdcan.o
                0x0000000008007e6e                HAL_FDCAN_TxBufferCompleteCallback
 .text.HAL_FDCAN_TxBufferAbortCallback
                0x0000000008007e84       0x16 ./Drivers/STM32H7xx_HAL_Driver/stm32h7xx_hal_fdcan.o
                0x0000000008007e84                HAL_FDCAN_TxBufferAbortCallback
 .text.HAL_FDCAN_RxBufferNewMessageCallback
                0x0000000008007e9a       0x14 ./Drivers/STM32H7xx_HAL_Driver/stm32h7xx_hal_fdcan.o
                0x0000000008007e9a                HAL_FDCAN_RxBufferNewMessageCallback
 .text.HAL_FDCAN_TimestampWraparoundCallback
                0x0000000008007eae       0x14 ./Drivers/STM32H7xx_HAL_Driver/stm32h7xx_hal_fdcan.o
                0x0000000008007eae                HAL_FDCAN_TimestampWraparoundCallback
 .text.HAL_FDCAN_TimeoutOccurredCallback
                0x0000000008007ec2       0x14 ./Drivers/STM32H7xx_HAL_Driver/stm32h7xx_hal_fdcan.o
                0x0000000008007ec2                HAL_FDCAN_TimeoutOccurredCallback
 .text.HAL_FDCAN_HighPriorityMessageCallback
                0x0000000008007ed6       0x14 ./Drivers/STM32H7xx_HAL_Driver/stm32h7xx_hal_fdcan.o
                0x0000000008007ed6                HAL_FDCAN_HighPriorityMessageCallback
 .text.HAL_FDCAN_ErrorCallback
                0x0000000008007eea       0x14 ./Drivers/STM32H7xx_HAL_Driver/stm32h7xx_hal_fdcan.o
                0x0000000008007eea                HAL_FDCAN_ErrorCallback
 .text.HAL_FDCAN_ErrorStatusCallback
                0x0000000008007efe       0x16 ./Drivers/STM32H7xx_HAL_Driver/stm32h7xx_hal_fdcan.o
                0x0000000008007efe                HAL_FDCAN_ErrorStatusCallback
 .text.HAL_FDCAN_TT_ScheduleSyncCallback
                0x0000000008007f14       0x16 ./Drivers/STM32H7xx_HAL_Driver/stm32h7xx_hal_fdcan.o
                0x0000000008007f14                HAL_FDCAN_TT_ScheduleSyncCallback
 .text.HAL_FDCAN_TT_TimeMarkCallback
                0x0000000008007f2a       0x16 ./Drivers/STM32H7xx_HAL_Driver/stm32h7xx_hal_fdcan.o
                0x0000000008007f2a                HAL_FDCAN_TT_TimeMarkCallback
 .text.HAL_FDCAN_TT_StopWatchCallback
                0x0000000008007f40       0x18 ./Drivers/STM32H7xx_HAL_Driver/stm32h7xx_hal_fdcan.o
                0x0000000008007f40                HAL_FDCAN_TT_StopWatchCallback
 .text.HAL_FDCAN_TT_GlobalTimeCallback
                0x0000000008007f58       0x16 ./Drivers/STM32H7xx_HAL_Driver/stm32h7xx_hal_fdcan.o
                0x0000000008007f58                HAL_FDCAN_TT_GlobalTimeCallback
 *fill*         0x0000000008007f6e        0x2 
 .text.FDCAN_CalcultateRamBlockAddresses
                0x0000000008007f70      0x30c ./Drivers/STM32H7xx_HAL_Driver/stm32h7xx_hal_fdcan.o
 .text.FDCAN_CopyMessageToRAM
                0x000000000800827c       0xfc ./Drivers/STM32H7xx_HAL_Driver/stm32h7xx_hal_fdcan.o
 .text.HAL_GPIO_Init
                0x0000000008008378      0x360 ./Drivers/STM32H7xx_HAL_Driver/stm32h7xx_hal_gpio.o
                0x0000000008008378                HAL_GPIO_Init
 .text.HAL_GPIO_WritePin
                0x00000000080086d8       0x32 ./Drivers/STM32H7xx_HAL_Driver/stm32h7xx_hal_gpio.o
                0x00000000080086d8                HAL_GPIO_WritePin
 *fill*         0x000000000800870a        0x2 
 .text.HAL_HSEM_FastTake
                0x000000000800870c       0x34 ./Drivers/STM32H7xx_HAL_Driver/stm32h7xx_hal_hsem.o
                0x000000000800870c                HAL_HSEM_FastTake
 .text.HAL_HSEM_Release
                0x0000000008008740       0x28 ./Drivers/STM32H7xx_HAL_Driver/stm32h7xx_hal_hsem.o
                0x0000000008008740                HAL_HSEM_Release
 .text.HAL_PWREx_ConfigSupply
                0x0000000008008768       0xb4 ./Drivers/STM32H7xx_HAL_Driver/stm32h7xx_hal_pwr_ex.o
                0x0000000008008768                HAL_PWREx_ConfigSupply
 .text.HAL_RCC_OscConfig
                0x000000000800881c      0x8b4 ./Drivers/STM32H7xx_HAL_Driver/stm32h7xx_hal_rcc.o
                0x000000000800881c                HAL_RCC_OscConfig
 .text.HAL_RCC_ClockConfig
                0x00000000080090d0      0x36c ./Drivers/STM32H7xx_HAL_Driver/stm32h7xx_hal_rcc.o
                0x00000000080090d0                HAL_RCC_ClockConfig
 .text.HAL_RCC_GetSysClockFreq
                0x000000000800943c      0x2f4 ./Drivers/STM32H7xx_HAL_Driver/stm32h7xx_hal_rcc.o
                0x000000000800943c                HAL_RCC_GetSysClockFreq
 .text.HAL_RCC_GetHCLKFreq
                0x0000000008009730       0x60 ./Drivers/STM32H7xx_HAL_Driver/stm32h7xx_hal_rcc.o
                0x0000000008009730                HAL_RCC_GetHCLKFreq
 .text.HAL_RCC_GetPCLK1Freq
                0x0000000008009790       0x2c ./Drivers/STM32H7xx_HAL_Driver/stm32h7xx_hal_rcc.o
                0x0000000008009790                HAL_RCC_GetPCLK1Freq
 .text.HAL_RCC_GetPCLK2Freq
                0x00000000080097bc       0x2c ./Drivers/STM32H7xx_HAL_Driver/stm32h7xx_hal_rcc.o
                0x00000000080097bc                HAL_RCC_GetPCLK2Freq
 .text.HAL_RCCEx_PeriphCLKConfig
                0x00000000080097e8     0x1414 ./Drivers/STM32H7xx_HAL_Driver/stm32h7xx_hal_rcc_ex.o
                0x00000000080097e8                HAL_RCCEx_PeriphCLKConfig
 .text.HAL_RCCEx_GetD3PCLK1Freq
                0x000000000800abfc       0x2c ./Drivers/STM32H7xx_HAL_Driver/stm32h7xx_hal_rcc_ex.o
                0x000000000800abfc                HAL_RCCEx_GetD3PCLK1Freq
 .text.HAL_RCCEx_GetPLL2ClockFreq
                0x000000000800ac28      0x2a8 ./Drivers/STM32H7xx_HAL_Driver/stm32h7xx_hal_rcc_ex.o
                0x000000000800ac28                HAL_RCCEx_GetPLL2ClockFreq
 .text.HAL_RCCEx_GetPLL3ClockFreq
                0x000000000800aed0      0x2a8 ./Drivers/STM32H7xx_HAL_Driver/stm32h7xx_hal_rcc_ex.o
                0x000000000800aed0                HAL_RCCEx_GetPLL3ClockFreq
 .text.RCCEx_PLL2_Config
                0x000000000800b178      0x164 ./Drivers/STM32H7xx_HAL_Driver/stm32h7xx_hal_rcc_ex.o
 .text.RCCEx_PLL3_Config
                0x000000000800b2dc      0x164 ./Drivers/STM32H7xx_HAL_Driver/stm32h7xx_hal_rcc_ex.o
 .text.HAL_SPI_Init
                0x000000000800b440      0x248 ./Drivers/STM32H7xx_HAL_Driver/stm32h7xx_hal_spi.o
                0x000000000800b440                HAL_SPI_Init
 .text.HAL_SPI_TransmitReceive
                0x000000000800b688      0x438 ./Drivers/STM32H7xx_HAL_Driver/stm32h7xx_hal_spi.o
                0x000000000800b688                HAL_SPI_TransmitReceive
 .text.SPI_CloseTransfer
                0x000000000800bac0      0x140 ./Drivers/STM32H7xx_HAL_Driver/stm32h7xx_hal_spi.o
 .text.SPI_WaitOnFlagUntilTimeout
                0x000000000800bc00       0x5c ./Drivers/STM32H7xx_HAL_Driver/stm32h7xx_hal_spi.o
 .text.SPI_GetPacketSize
                0x000000000800bc5c       0x36 ./Drivers/STM32H7xx_HAL_Driver/stm32h7xx_hal_spi.o
 .text.HAL_TIM_Base_Init
                0x000000000800bc92       0xae ./Drivers/STM32H7xx_HAL_Driver/stm32h7xx_hal_tim.o
                0x000000000800bc92                HAL_TIM_Base_Init
 .text.HAL_TIM_Base_Start_IT
                0x000000000800bd40       0xf0 ./Drivers/STM32H7xx_HAL_Driver/stm32h7xx_hal_tim.o
                0x000000000800bd40                HAL_TIM_Base_Start_IT
 .text.HAL_TIM_IRQHandler
                0x000000000800be30      0x23e ./Drivers/STM32H7xx_HAL_Driver/stm32h7xx_hal_tim.o
                0x000000000800be30                HAL_TIM_IRQHandler
 .text.HAL_TIM_PeriodElapsedCallback
                0x000000000800c06e       0x14 ./Drivers/STM32H7xx_HAL_Driver/stm32h7xx_hal_tim.o
                0x000000000800c06e                HAL_TIM_PeriodElapsedCallback
 .text.HAL_TIM_OC_DelayElapsedCallback
                0x000000000800c082       0x14 ./Drivers/STM32H7xx_HAL_Driver/stm32h7xx_hal_tim.o
                0x000000000800c082                HAL_TIM_OC_DelayElapsedCallback
 .text.HAL_TIM_IC_CaptureCallback
                0x000000000800c096       0x14 ./Drivers/STM32H7xx_HAL_Driver/stm32h7xx_hal_tim.o
                0x000000000800c096                HAL_TIM_IC_CaptureCallback
 .text.HAL_TIM_PWM_PulseFinishedCallback
                0x000000000800c0aa       0x14 ./Drivers/STM32H7xx_HAL_Driver/stm32h7xx_hal_tim.o
                0x000000000800c0aa                HAL_TIM_PWM_PulseFinishedCallback
 .text.HAL_TIM_TriggerCallback
                0x000000000800c0be       0x14 ./Drivers/STM32H7xx_HAL_Driver/stm32h7xx_hal_tim.o
                0x000000000800c0be                HAL_TIM_TriggerCallback
 *fill*         0x000000000800c0d2        0x2 
 .text.TIM_Base_SetConfig
                0x000000000800c0d4      0x134 ./Drivers/STM32H7xx_HAL_Driver/stm32h7xx_hal_tim.o
                0x000000000800c0d4                TIM_Base_SetConfig
 .text.HAL_TIMEx_MasterConfigSynchronization
                0x000000000800c208      0x11c ./Drivers/STM32H7xx_HAL_Driver/stm32h7xx_hal_tim_ex.o
                0x000000000800c208                HAL_TIMEx_MasterConfigSynchronization
 .text.HAL_TIMEx_CommutCallback
                0x000000000800c324       0x14 ./Drivers/STM32H7xx_HAL_Driver/stm32h7xx_hal_tim_ex.o
                0x000000000800c324                HAL_TIMEx_CommutCallback
 .text.HAL_TIMEx_BreakCallback
                0x000000000800c338       0x14 ./Drivers/STM32H7xx_HAL_Driver/stm32h7xx_hal_tim_ex.o
                0x000000000800c338                HAL_TIMEx_BreakCallback
 .text.HAL_TIMEx_Break2Callback
                0x000000000800c34c       0x14 ./Drivers/STM32H7xx_HAL_Driver/stm32h7xx_hal_tim_ex.o
                0x000000000800c34c                HAL_TIMEx_Break2Callback
 .text.HAL_UART_Init
                0x000000000800c360       0xa0 ./Drivers/STM32H7xx_HAL_Driver/stm32h7xx_hal_uart.o
                0x000000000800c360                HAL_UART_Init
 .text.HAL_UART_Transmit_DMA
                0x000000000800c400      0x100 ./Drivers/STM32H7xx_HAL_Driver/stm32h7xx_hal_uart.o
                0x000000000800c400                HAL_UART_Transmit_DMA
 .text.HAL_UART_Receive_DMA
                0x000000000800c500       0x98 ./Drivers/STM32H7xx_HAL_Driver/stm32h7xx_hal_uart.o
                0x000000000800c500                HAL_UART_Receive_DMA
 .text.HAL_UART_IRQHandler
                0x000000000800c598      0x774 ./Drivers/STM32H7xx_HAL_Driver/stm32h7xx_hal_uart.o
                0x000000000800c598                HAL_UART_IRQHandler
 .text.HAL_UART_TxCpltCallback
                0x000000000800cd0c       0x14 ./Drivers/STM32H7xx_HAL_Driver/stm32h7xx_hal_uart.o
                0x000000000800cd0c                HAL_UART_TxCpltCallback
 .text.HAL_UART_TxHalfCpltCallback
                0x000000000800cd20       0x14 ./Drivers/STM32H7xx_HAL_Driver/stm32h7xx_hal_uart.o
                0x000000000800cd20                HAL_UART_TxHalfCpltCallback
 .text.HAL_UART_RxHalfCpltCallback
                0x000000000800cd34       0x14 ./Drivers/STM32H7xx_HAL_Driver/stm32h7xx_hal_uart.o
                0x000000000800cd34                HAL_UART_RxHalfCpltCallback
 .text.HAL_UART_ErrorCallback
                0x000000000800cd48       0x14 ./Drivers/STM32H7xx_HAL_Driver/stm32h7xx_hal_uart.o
                0x000000000800cd48                HAL_UART_ErrorCallback
 .text.HAL_UARTEx_RxEventCallback
                0x000000000800cd5c       0x18 ./Drivers/STM32H7xx_HAL_Driver/stm32h7xx_hal_uart.o
                0x000000000800cd5c                HAL_UARTEx_RxEventCallback
 .text.UART_SetConfig
                0x000000000800cd74      0xad0 ./Drivers/STM32H7xx_HAL_Driver/stm32h7xx_hal_uart.o
                0x000000000800cd74                UART_SetConfig
 .text.UART_AdvFeatureConfig
                0x000000000800d844      0x144 ./Drivers/STM32H7xx_HAL_Driver/stm32h7xx_hal_uart.o
                0x000000000800d844                UART_AdvFeatureConfig
 .text.UART_CheckIdleState
                0x000000000800d988      0x154 ./Drivers/STM32H7xx_HAL_Driver/stm32h7xx_hal_uart.o
                0x000000000800d988                UART_CheckIdleState
 .text.UART_WaitOnFlagUntilTimeout
                0x000000000800dadc       0xce ./Drivers/STM32H7xx_HAL_Driver/stm32h7xx_hal_uart.o
                0x000000000800dadc                UART_WaitOnFlagUntilTimeout
 *fill*         0x000000000800dbaa        0x2 
 .text.UART_Start_Receive_DMA
                0x000000000800dbac      0x14c ./Drivers/STM32H7xx_HAL_Driver/stm32h7xx_hal_uart.o
                0x000000000800dbac                UART_Start_Receive_DMA
 .text.UART_EndTxTransfer
                0x000000000800dcf8       0x82 ./Drivers/STM32H7xx_HAL_Driver/stm32h7xx_hal_uart.o
 *fill*         0x000000000800dd7a        0x2 
 .text.UART_EndRxTransfer
                0x000000000800dd7c       0xcc ./Drivers/STM32H7xx_HAL_Driver/stm32h7xx_hal_uart.o
 .text.UART_DMATransmitCplt
                0x000000000800de48       0x96 ./Drivers/STM32H7xx_HAL_Driver/stm32h7xx_hal_uart.o
 .text.UART_DMATxHalfCplt
                0x000000000800dede       0x1c ./Drivers/STM32H7xx_HAL_Driver/stm32h7xx_hal_uart.o
 .text.UART_DMAReceiveCplt
                0x000000000800defa      0x128 ./Drivers/STM32H7xx_HAL_Driver/stm32h7xx_hal_uart.o
 .text.UART_DMARxHalfCplt
                0x000000000800e022       0x3e ./Drivers/STM32H7xx_HAL_Driver/stm32h7xx_hal_uart.o
 .text.UART_DMAError
                0x000000000800e060       0x80 ./Drivers/STM32H7xx_HAL_Driver/stm32h7xx_hal_uart.o
 .text.UART_DMAAbortOnError
                0x000000000800e0e0       0x2c ./Drivers/STM32H7xx_HAL_Driver/stm32h7xx_hal_uart.o
 .text.UART_EndTransmit_IT
                0x000000000800e10c       0x56 ./Drivers/STM32H7xx_HAL_Driver/stm32h7xx_hal_uart.o
 .text.HAL_UARTEx_WakeupCallback
                0x000000000800e162       0x14 ./Drivers/STM32H7xx_HAL_Driver/stm32h7xx_hal_uart_ex.o
                0x000000000800e162                HAL_UARTEx_WakeupCallback
 .text.HAL_UARTEx_RxFifoFullCallback
                0x000000000800e176       0x14 ./Drivers/STM32H7xx_HAL_Driver/stm32h7xx_hal_uart_ex.o
                0x000000000800e176                HAL_UARTEx_RxFifoFullCallback
 .text.HAL_UARTEx_TxFifoEmptyCallback
                0x000000000800e18a       0x14 ./Drivers/STM32H7xx_HAL_Driver/stm32h7xx_hal_uart_ex.o
                0x000000000800e18a                HAL_UARTEx_TxFifoEmptyCallback
 .text.HAL_UARTEx_DisableFifoMode
                0x000000000800e19e       0x72 ./Drivers/STM32H7xx_HAL_Driver/stm32h7xx_hal_uart_ex.o
                0x000000000800e19e                HAL_UARTEx_DisableFifoMode
 .text.HAL_UARTEx_SetTxFifoThreshold
                0x000000000800e210       0x7c ./Drivers/STM32H7xx_HAL_Driver/stm32h7xx_hal_uart_ex.o
                0x000000000800e210                HAL_UARTEx_SetTxFifoThreshold
 .text.HAL_UARTEx_SetRxFifoThreshold
                0x000000000800e28c       0x7c ./Drivers/STM32H7xx_HAL_Driver/stm32h7xx_hal_uart_ex.o
                0x000000000800e28c                HAL_UARTEx_SetRxFifoThreshold
 .text.UARTEx_SetNbDataToProcess
                0x000000000800e308       0x9c ./Drivers/STM32H7xx_HAL_Driver/stm32h7xx_hal_uart_ex.o
 .text.__errno  0x000000000800e3a4        0xc c:/st/stm32cubeide_1.11.2/stm32cubeide/plugins/com.st.stm32cube.ide.mcu.externaltools.gnu-tools-for-stm32.10.3-2021.10.win32_1.0.100.202210260954/tools/bin/../lib/gcc/arm-none-eabi/10.3.1/../../../../arm-none-eabi/lib/thumb/v7e-m+dp/hard\libc_nano.a(lib_a-errno.o)
                0x000000000800e3a4                __errno
 .text.__libc_init_array
                0x000000000800e3b0       0x48 c:/st/stm32cubeide_1.11.2/stm32cubeide/plugins/com.st.stm32cube.ide.mcu.externaltools.gnu-tools-for-stm32.10.3-2021.10.win32_1.0.100.202210260954/tools/bin/../lib/gcc/arm-none-eabi/10.3.1/../../../../arm-none-eabi/lib/thumb/v7e-m+dp/hard\libc_nano.a(lib_a-init.o)
                0x000000000800e3b0                __libc_init_array
 .text.memcpy   0x000000000800e3f8       0x1c c:/st/stm32cubeide_1.11.2/stm32cubeide/plugins/com.st.stm32cube.ide.mcu.externaltools.gnu-tools-for-stm32.10.3-2021.10.win32_1.0.100.202210260954/tools/bin/../lib/gcc/arm-none-eabi/10.3.1/../../../../arm-none-eabi/lib/thumb/v7e-m+dp/hard\libc_nano.a(lib_a-memcpy-stub.o)
                0x000000000800e3f8                memcpy
 .text.memset   0x000000000800e414       0x10 c:/st/stm32cubeide_1.11.2/stm32cubeide/plugins/com.st.stm32cube.ide.mcu.externaltools.gnu-tools-for-stm32.10.3-2021.10.win32_1.0.100.202210260954/tools/bin/../lib/gcc/arm-none-eabi/10.3.1/../../../../arm-none-eabi/lib/thumb/v7e-m+dp/hard\libc_nano.a(lib_a-memset.o)
                0x000000000800e414                memset
 .text.sprintf  0x000000000800e424       0x40 c:/st/stm32cubeide_1.11.2/stm32cubeide/plugins/com.st.stm32cube.ide.mcu.externaltools.gnu-tools-for-stm32.10.3-2021.10.win32_1.0.100.202210260954/tools/bin/../lib/gcc/arm-none-eabi/10.3.1/../../../../arm-none-eabi/lib/thumb/v7e-m+dp/hard\libc_nano.a(lib_a-sprintf.o)
                0x000000000800e424                siprintf
                0x000000000800e424                sprintf
 .text.__ssputs_r
                0x000000000800e464       0xb6 c:/st/stm32cubeide_1.11.2/stm32cubeide/plugins/com.st.stm32cube.ide.mcu.externaltools.gnu-tools-for-stm32.10.3-2021.10.win32_1.0.100.202210260954/tools/bin/../lib/gcc/arm-none-eabi/10.3.1/../../../../arm-none-eabi/lib/thumb/v7e-m+dp/hard\libc_nano.a(lib_a-nano-svfprintf.o)
                0x000000000800e464                __ssputs_r
 *fill*         0x000000000800e51a        0x2 
 .text._svfprintf_r
                0x000000000800e51c      0x200 c:/st/stm32cubeide_1.11.2/stm32cubeide/plugins/com.st.stm32cube.ide.mcu.externaltools.gnu-tools-for-stm32.10.3-2021.10.win32_1.0.100.202210260954/tools/bin/../lib/gcc/arm-none-eabi/10.3.1/../../../../arm-none-eabi/lib/thumb/v7e-m+dp/hard\libc_nano.a(lib_a-nano-svfprintf.o)
                0x000000000800e51c                _svfiprintf_r
                0x000000000800e51c                _svfprintf_r
 .text._printf_common
                0x000000000800e71c       0xda c:/st/stm32cubeide_1.11.2/stm32cubeide/plugins/com.st.stm32cube.ide.mcu.externaltools.gnu-tools-for-stm32.10.3-2021.10.win32_1.0.100.202210260954/tools/bin/../lib/gcc/arm-none-eabi/10.3.1/../../../../arm-none-eabi/lib/thumb/v7e-m+dp/hard\libc_nano.a(lib_a-nano-vfprintf_i.o)
                0x000000000800e71c                _printf_common
 *fill*         0x000000000800e7f6        0x2 
 .text._printf_i
                0x000000000800e7f8      0x24c c:/st/stm32cubeide_1.11.2/stm32cubeide/plugins/com.st.stm32cube.ide.mcu.externaltools.gnu-tools-for-stm32.10.3-2021.10.win32_1.0.100.202210260954/tools/bin/../lib/gcc/arm-none-eabi/10.3.1/../../../../arm-none-eabi/lib/thumb/v7e-m+dp/hard\libc_nano.a(lib_a-nano-vfprintf_i.o)
                0x000000000800e7f8                _printf_i
 .text.memmove  0x000000000800ea44       0x34 c:/st/stm32cubeide_1.11.2/stm32cubeide/plugins/com.st.stm32cube.ide.mcu.externaltools.gnu-tools-for-stm32.10.3-2021.10.win32_1.0.100.202210260954/tools/bin/../lib/gcc/arm-none-eabi/10.3.1/../../../../arm-none-eabi/lib/thumb/v7e-m+dp/hard\libc_nano.a(lib_a-memmove.o)
                0x000000000800ea44                memmove
 .text._free_r  0x000000000800ea78       0x98 c:/st/stm32cubeide_1.11.2/stm32cubeide/plugins/com.st.stm32cube.ide.mcu.externaltools.gnu-tools-for-stm32.10.3-2021.10.win32_1.0.100.202210260954/tools/bin/../lib/gcc/arm-none-eabi/10.3.1/../../../../arm-none-eabi/lib/thumb/v7e-m+dp/hard\libc_nano.a(lib_a-nano-freer.o)
                0x000000000800ea78                _free_r
 .text.sbrk_aligned
                0x000000000800eb10       0x40 c:/st/stm32cubeide_1.11.2/stm32cubeide/plugins/com.st.stm32cube.ide.mcu.externaltools.gnu-tools-for-stm32.10.3-2021.10.win32_1.0.100.202210260954/tools/bin/../lib/gcc/arm-none-eabi/10.3.1/../../../../arm-none-eabi/lib/thumb/v7e-m+dp/hard\libc_nano.a(lib_a-nano-mallocr.o)
 .text._malloc_r
                0x000000000800eb50       0xe8 c:/st/stm32cubeide_1.11.2/stm32cubeide/plugins/com.st.stm32cube.ide.mcu.externaltools.gnu-tools-for-stm32.10.3-2021.10.win32_1.0.100.202210260954/tools/bin/../lib/gcc/arm-none-eabi/10.3.1/../../../../arm-none-eabi/lib/thumb/v7e-m+dp/hard\libc_nano.a(lib_a-nano-mallocr.o)
                0x000000000800eb50                _malloc_r
 .text._realloc_r
                0x000000000800ec38       0x5e c:/st/stm32cubeide_1.11.2/stm32cubeide/plugins/com.st.stm32cube.ide.mcu.externaltools.gnu-tools-for-stm32.10.3-2021.10.win32_1.0.100.202210260954/tools/bin/../lib/gcc/arm-none-eabi/10.3.1/../../../../arm-none-eabi/lib/thumb/v7e-m+dp/hard\libc_nano.a(lib_a-nano-reallocr.o)
                0x000000000800ec38                _realloc_r
 *fill*         0x000000000800ec96        0x2 
 .text._sbrk_r  0x000000000800ec98       0x20 c:/st/stm32cubeide_1.11.2/stm32cubeide/plugins/com.st.stm32cube.ide.mcu.externaltools.gnu-tools-for-stm32.10.3-2021.10.win32_1.0.100.202210260954/tools/bin/../lib/gcc/arm-none-eabi/10.3.1/../../../../arm-none-eabi/lib/thumb/v7e-m+dp/hard\libc_nano.a(lib_a-sbrkr.o)
                0x000000000800ec98                _sbrk_r
 .text.__malloc_lock
                0x000000000800ecb8        0xc c:/st/stm32cubeide_1.11.2/stm32cubeide/plugins/com.st.stm32cube.ide.mcu.externaltools.gnu-tools-for-stm32.10.3-2021.10.win32_1.0.100.202210260954/tools/bin/../lib/gcc/arm-none-eabi/10.3.1/../../../../arm-none-eabi/lib/thumb/v7e-m+dp/hard\libc_nano.a(lib_a-mlock.o)
                0x000000000800ecb8                __malloc_lock
 .text.__malloc_unlock
                0x000000000800ecc4        0xc c:/st/stm32cubeide_1.11.2/stm32cubeide/plugins/com.st.stm32cube.ide.mcu.externaltools.gnu-tools-for-stm32.10.3-2021.10.win32_1.0.100.202210260954/tools/bin/../lib/gcc/arm-none-eabi/10.3.1/../../../../arm-none-eabi/lib/thumb/v7e-m+dp/hard\libc_nano.a(lib_a-mlock.o)
                0x000000000800ecc4                __malloc_unlock
 .text._malloc_usable_size_r
                0x000000000800ecd0       0x10 c:/st/stm32cubeide_1.11.2/stm32cubeide/plugins/com.st.stm32cube.ide.mcu.externaltools.gnu-tools-for-stm32.10.3-2021.10.win32_1.0.100.202210260954/tools/bin/../lib/gcc/arm-none-eabi/10.3.1/../../../../arm-none-eabi/lib/thumb/v7e-m+dp/hard\libc_nano.a(lib_a-nano-msizer.o)
                0x000000000800ecd0                _malloc_usable_size_r
 .text.__retarget_lock_acquire_recursive
                0x000000000800ece0        0x2 c:/st/stm32cubeide_1.11.2/stm32cubeide/plugins/com.st.stm32cube.ide.mcu.externaltools.gnu-tools-for-stm32.10.3-2021.10.win32_1.0.100.202210260954/tools/bin/../lib/gcc/arm-none-eabi/10.3.1/../../../../arm-none-eabi/lib/thumb/v7e-m+dp/hard\libc_nano.a(lib_a-lock.o)
                0x000000000800ece0                __retarget_lock_acquire_recursive
 .text.__retarget_lock_release_recursive
                0x000000000800ece2        0x2 c:/st/stm32cubeide_1.11.2/stm32cubeide/plugins/com.st.stm32cube.ide.mcu.externaltools.gnu-tools-for-stm32.10.3-2021.10.win32_1.0.100.202210260954/tools/bin/../lib/gcc/arm-none-eabi/10.3.1/../../../../arm-none-eabi/lib/thumb/v7e-m+dp/hard\libc_nano.a(lib_a-lock.o)
                0x000000000800ece2                __retarget_lock_release_recursive
 *(.glue_7)
 .glue_7        0x000000000800ece4        0x0 linker stubs
 *(.glue_7t)
 .glue_7t       0x000000000800ece4        0x0 linker stubs
 *(.eh_frame)
 .eh_frame      0x000000000800ece4        0x0 c:/st/stm32cubeide_1.11.2/stm32cubeide/plugins/com.st.stm32cube.ide.mcu.externaltools.gnu-tools-for-stm32.10.3-2021.10.win32_1.0.100.202210260954/tools/bin/../lib/gcc/arm-none-eabi/10.3.1/thumb/v7e-m+dp/hard/crtbegin.o
 *(.init)
 .init          0x000000000800ece4        0x4 c:/st/stm32cubeide_1.11.2/stm32cubeide/plugins/com.st.stm32cube.ide.mcu.externaltools.gnu-tools-for-stm32.10.3-2021.10.win32_1.0.100.202210260954/tools/bin/../lib/gcc/arm-none-eabi/10.3.1/thumb/v7e-m+dp/hard/crti.o
                0x000000000800ece4                _init
 .init          0x000000000800ece8        0x8 c:/st/stm32cubeide_1.11.2/stm32cubeide/plugins/com.st.stm32cube.ide.mcu.externaltools.gnu-tools-for-stm32.10.3-2021.10.win32_1.0.100.202210260954/tools/bin/../lib/gcc/arm-none-eabi/10.3.1/thumb/v7e-m+dp/hard/crtn.o
 *(.fini)
 .fini          0x000000000800ecf0        0x4 c:/st/stm32cubeide_1.11.2/stm32cubeide/plugins/com.st.stm32cube.ide.mcu.externaltools.gnu-tools-for-stm32.10.3-2021.10.win32_1.0.100.202210260954/tools/bin/../lib/gcc/arm-none-eabi/10.3.1/thumb/v7e-m+dp/hard/crti.o
                0x000000000800ecf0                _fini
 .fini          0x000000000800ecf4        0x8 c:/st/stm32cubeide_1.11.2/stm32cubeide/plugins/com.st.stm32cube.ide.mcu.externaltools.gnu-tools-for-stm32.10.3-2021.10.win32_1.0.100.202210260954/tools/bin/../lib/gcc/arm-none-eabi/10.3.1/thumb/v7e-m+dp/hard/crtn.o
                0x000000000800ecfc                . = ALIGN (0x4)
                0x000000000800ecfc                _etext = .

.vfp11_veneer   0x000000000800ecfc        0x0
 .vfp11_veneer  0x000000000800ecfc        0x0 linker stubs

.v4_bx          0x000000000800ecfc        0x0
 .v4_bx         0x000000000800ecfc        0x0 linker stubs

.iplt           0x000000000800ecfc        0x0
 .iplt          0x000000000800ecfc        0x0 c:/st/stm32cubeide_1.11.2/stm32cubeide/plugins/com.st.stm32cube.ide.mcu.externaltools.gnu-tools-for-stm32.10.3-2021.10.win32_1.0.100.202210260954/tools/bin/../lib/gcc/arm-none-eabi/10.3.1/thumb/v7e-m+dp/hard/crtbegin.o

.rodata         0x000000000800ecfc       0xd4
                0x000000000800ecfc                . = ALIGN (0x4)
 *(.rodata)
 .rodata        0x000000000800ecfc        0x3 ./Core/Src/stm32h7xx_it.o
 *fill*         0x000000000800ecff        0x1 
 .rodata        0x000000000800ed00       0x4c ./Drivers/STM32H7xx_HAL_Driver/stm32h7xx_hal_fdcan.o
 *(.rodata*)
 .rodata.D1CorePrescTable
                0x000000000800ed4c       0x10 ./Common/Src/system_stm32h7xx_dualcore_boot_cm4_cm7.o
                0x000000000800ed4c                D1CorePrescTable
 .rodata.flagBitshiftOffset.0
                0x000000000800ed5c        0x8 ./Drivers/STM32H7xx_HAL_Driver/stm32h7xx_hal_dma.o
 .rodata.DLCtoBytes
                0x000000000800ed64       0x10 ./Drivers/STM32H7xx_HAL_Driver/stm32h7xx_hal_fdcan.o
 .rodata.UARTPrescTable
                0x000000000800ed74       0x18 ./Drivers/STM32H7xx_HAL_Driver/stm32h7xx_hal_uart.o
                0x000000000800ed74                UARTPrescTable
 .rodata.numerator.1
                0x000000000800ed8c        0x8 ./Drivers/STM32H7xx_HAL_Driver/stm32h7xx_hal_uart_ex.o
 .rodata.denominator.0
                0x000000000800ed94        0x8 ./Drivers/STM32H7xx_HAL_Driver/stm32h7xx_hal_uart_ex.o
 .rodata._svfprintf_r.str1.1
                0x000000000800ed9c       0x11 c:/st/stm32cubeide_1.11.2/stm32cubeide/plugins/com.st.stm32cube.ide.mcu.externaltools.gnu-tools-for-stm32.10.3-2021.10.win32_1.0.100.202210260954/tools/bin/../lib/gcc/arm-none-eabi/10.3.1/../../../../arm-none-eabi/lib/thumb/v7e-m+dp/hard\libc_nano.a(lib_a-nano-svfprintf.o)
 .rodata._printf_i.str1.1
                0x000000000800edad       0x22 c:/st/stm32cubeide_1.11.2/stm32cubeide/plugins/com.st.stm32cube.ide.mcu.externaltools.gnu-tools-for-stm32.10.3-2021.10.win32_1.0.100.202210260954/tools/bin/../lib/gcc/arm-none-eabi/10.3.1/../../../../arm-none-eabi/lib/thumb/v7e-m+dp/hard\libc_nano.a(lib_a-nano-vfprintf_i.o)
                0x000000000800edd0                . = ALIGN (0x4)
 *fill*         0x000000000800edcf        0x1 

.ARM.extab      0x000000000800edd0        0x0
                0x000000000800edd0                . = ALIGN (0x4)
 *(.ARM.extab* .gnu.linkonce.armextab.*)
                0x000000000800edd0                . = ALIGN (0x4)

.ARM            0x000000000800edd0        0x8
                0x000000000800edd0                . = ALIGN (0x4)
                0x000000000800edd0                __exidx_start = .
 *(.ARM.exidx*)
 .ARM.exidx     0x000000000800edd0        0x8 c:/st/stm32cubeide_1.11.2/stm32cubeide/plugins/com.st.stm32cube.ide.mcu.externaltools.gnu-tools-for-stm32.10.3-2021.10.win32_1.0.100.202210260954/tools/bin/../lib/gcc/arm-none-eabi/10.3.1/thumb/v7e-m+dp/hard\libgcc.a(_udivmoddi4.o)
                0x000000000800edd8                __exidx_end = .
                0x000000000800edd8                . = ALIGN (0x4)

.rel.dyn        0x000000000800edd8        0x0
 .rel.iplt      0x000000000800edd8        0x0 c:/st/stm32cubeide_1.11.2/stm32cubeide/plugins/com.st.stm32cube.ide.mcu.externaltools.gnu-tools-for-stm32.10.3-2021.10.win32_1.0.100.202210260954/tools/bin/../lib/gcc/arm-none-eabi/10.3.1/thumb/v7e-m+dp/hard/crtbegin.o

.preinit_array  0x000000000800edd8        0x0
                0x000000000800edd8                . = ALIGN (0x4)
                0x000000000800edd8                PROVIDE (__preinit_array_start = .)
 *(.preinit_array*)
                0x000000000800edd8                PROVIDE (__preinit_array_end = .)
                0x000000000800edd8                . = ALIGN (0x4)

.init_array     0x000000000800edd8        0x4
                0x000000000800edd8                . = ALIGN (0x4)
                0x000000000800edd8                PROVIDE (__init_array_start = .)
 *(SORT_BY_NAME(.init_array.*))
 *(.init_array*)
 .init_array    0x000000000800edd8        0x4 c:/st/stm32cubeide_1.11.2/stm32cubeide/plugins/com.st.stm32cube.ide.mcu.externaltools.gnu-tools-for-stm32.10.3-2021.10.win32_1.0.100.202210260954/tools/bin/../lib/gcc/arm-none-eabi/10.3.1/thumb/v7e-m+dp/hard/crtbegin.o
                0x000000000800eddc                PROVIDE (__init_array_end = .)
                0x000000000800eddc                . = ALIGN (0x4)

.fini_array     0x000000000800eddc        0x4
                0x000000000800eddc                . = ALIGN (0x4)
                [!provide]                        PROVIDE (__fini_array_start = .)
 *(SORT_BY_NAME(.fini_array.*))
 *(.fini_array*)
 .fini_array    0x000000000800eddc        0x4 c:/st/stm32cubeide_1.11.2/stm32cubeide/plugins/com.st.stm32cube.ide.mcu.externaltools.gnu-tools-for-stm32.10.3-2021.10.win32_1.0.100.202210260954/tools/bin/../lib/gcc/arm-none-eabi/10.3.1/thumb/v7e-m+dp/hard/crtbegin.o
                [!provide]                        PROVIDE (__fini_array_end = .)
                0x000000000800ede0                . = ALIGN (0x4)
                0x000000000800ede0                _sidata = LOADADDR (.data)

.data           0x0000000024000000       0x90 load address 0x000000000800ede0
                0x0000000024000000                . = ALIGN (0x4)
                0x0000000024000000                _sdata = .
 *(.data)
 *(.data*)
 .data.SystemCoreClock
                0x0000000024000000        0x4 ./Common/Src/system_stm32h7xx_dualcore_boot_cm4_cm7.o
                0x0000000024000000                SystemCoreClock
 .data.SystemD2Clock
                0x0000000024000004        0x4 ./Common/Src/system_stm32h7xx_dualcore_boot_cm4_cm7.o
                0x0000000024000004                SystemD2Clock
 .data.Motor_Operation
                0x0000000024000008        0x2 ./Core/Src/stm32h7xx_it.o
                0x0000000024000008                Motor_Operation
 *fill*         0x000000002400000a        0x2 
 .data.pos_max_limit
                0x000000002400000c        0x4 ./Core/Src/stm32h7xx_it.o
                0x000000002400000c                pos_max_limit
 .data.pos_min_limit
                0x0000000024000010        0x4 ./Core/Src/stm32h7xx_it.o
                0x0000000024000010                pos_min_limit
 .data.angle_3_temp
                0x0000000024000014        0x4 ./Core/Src/stm32h7xx_it.o
                0x0000000024000014                angle_3_temp
 .data.angle_2_temp
                0x0000000024000018        0x4 ./Core/Src/stm32h7xx_it.o
                0x0000000024000018                angle_2_temp
 .data.angle_1_temp
                0x000000002400001c        0x4 ./Core/Src/stm32h7xx_it.o
                0x000000002400001c                angle_1_temp
 .data.motor_start
                0x0000000024000020        0x4 ./Core/Src/stm32h7xx_it.o
                0x0000000024000020                motor_start
 .data.uwTickPrio
                0x0000000024000024        0x4 ./Drivers/STM32H7xx_HAL_Driver/stm32h7xx_hal.o
                0x0000000024000024                uwTickPrio
 .data.uwTickFreq
                0x0000000024000028        0x1 ./Drivers/STM32H7xx_HAL_Driver/stm32h7xx_hal.o
                0x0000000024000028                uwTickFreq
 *fill*         0x0000000024000029        0x3 
 .data._impure_ptr
                0x000000002400002c        0x4 c:/st/stm32cubeide_1.11.2/stm32cubeide/plugins/com.st.stm32cube.ide.mcu.externaltools.gnu-tools-for-stm32.10.3-2021.10.win32_1.0.100.202210260954/tools/bin/../lib/gcc/arm-none-eabi/10.3.1/../../../../arm-none-eabi/lib/thumb/v7e-m+dp/hard\libc_nano.a(lib_a-impure.o)
                0x000000002400002c                _impure_ptr
 .data.impure_data
                0x0000000024000030       0x60 c:/st/stm32cubeide_1.11.2/stm32cubeide/plugins/com.st.stm32cube.ide.mcu.externaltools.gnu-tools-for-stm32.10.3-2021.10.win32_1.0.100.202210260954/tools/bin/../lib/gcc/arm-none-eabi/10.3.1/../../../../arm-none-eabi/lib/thumb/v7e-m+dp/hard\libc_nano.a(lib_a-impure.o)
 *(.RamFunc)
 *(.RamFunc*)
                0x0000000024000090                . = ALIGN (0x4)
                0x0000000024000090                _edata = .

.igot.plt       0x0000000024000090        0x0 load address 0x000000000800ee70
 .igot.plt      0x0000000024000090        0x0 c:/st/stm32cubeide_1.11.2/stm32cubeide/plugins/com.st.stm32cube.ide.mcu.externaltools.gnu-tools-for-stm32.10.3-2021.10.win32_1.0.100.202210260954/tools/bin/../lib/gcc/arm-none-eabi/10.3.1/thumb/v7e-m+dp/hard/crtbegin.o
                0x0000000024000090                . = ALIGN (0x4)

.bss            0x0000000024000090      0xe24 load address 0x000000000800ee70
                0x0000000024000090                _sbss = .
                0x0000000024000090                __bss_start__ = _sbss
 *(.bss)
 .bss           0x0000000024000090       0x1c c:/st/stm32cubeide_1.11.2/stm32cubeide/plugins/com.st.stm32cube.ide.mcu.externaltools.gnu-tools-for-stm32.10.3-2021.10.win32_1.0.100.202210260954/tools/bin/../lib/gcc/arm-none-eabi/10.3.1/thumb/v7e-m+dp/hard/crtbegin.o
 *(.bss*)
 .bss.absoluteEn_1
                0x00000000240000ac       0x10 ./Core/Src/absolute_encoder.o
                0x00000000240000ac                absoluteEn_1
 .bss.absoluteEn_2
                0x00000000240000bc       0x10 ./Core/Src/absolute_encoder.o
                0x00000000240000bc                absoluteEn_2
 .bss.absoluteEn_3
                0x00000000240000cc       0x10 ./Core/Src/absolute_encoder.o
                0x00000000240000cc                absoluteEn_3
 .bss.encoder_header_test
                0x00000000240000dc        0x4 ./Core/Src/absolute_encoder.o
                0x00000000240000dc                encoder_header_test
 .bss.hfdcan1   0x00000000240000e0       0xa0 ./Core/Src/fdcan.o
                0x00000000240000e0                hfdcan1
 .bss.sFilterConfig
                0x0000000024000180       0x20 ./Core/Src/main.o
                0x0000000024000180                sFilterConfig
 .bss.TxHeader  0x00000000240001a0       0x24 ./Core/Src/main.o
                0x00000000240001a0                TxHeader
 .bss.RxHeader  0x00000000240001c4       0x28 ./Core/Src/main.o
                0x00000000240001c4                RxHeader
 *fill*         0x00000000240001ec        0x4 
 .bss.imp_1     0x00000000240001f0       0x20 ./Core/Src/main.o
                0x00000000240001f0                imp_1
 .bss.imp_2     0x0000000024000210       0x20 ./Core/Src/main.o
                0x0000000024000210                imp_2
 .bss.imp_3     0x0000000024000230       0x20 ./Core/Src/main.o
                0x0000000024000230                imp_3
 .bss.RxData_From_Node2
                0x0000000024000250        0xc ./Core/Src/main.o
                0x0000000024000250                RxData_From_Node2
 .bss.val_1     0x000000002400025c        0xc ./Core/Src/main.o
                0x000000002400025c                val_1
 .bss.val_2     0x0000000024000268        0xc ./Core/Src/main.o
                0x0000000024000268                val_2
 .bss.val_3     0x0000000024000274        0xc ./Core/Src/main.o
                0x0000000024000274                val_3
 .bss.Motor1    0x0000000024000280        0xc ./Core/Src/main.o
                0x0000000024000280                Motor1
 .bss.Motor2    0x000000002400028c        0xc ./Core/Src/main.o
                0x000000002400028c                Motor2
 .bss.Motor3    0x0000000024000298        0xc ./Core/Src/main.o
                0x0000000024000298                Motor3
 .bss.Rx_buffer
                0x00000000240002a4       0x18 ./Core/Src/main.o
                0x00000000240002a4                Rx_buffer
 .bss.Rx_imp_data
                0x00000000240002bc       0x60 ./Core/Src/main.o
                0x00000000240002bc                Rx_imp_data
 .bss.Tx_buffer
                0x000000002400031c       0x12 ./Core/Src/main.o
                0x000000002400031c                Tx_buffer
 *fill*         0x000000002400032e        0x2 
 .bss.A_buffer  0x0000000024000330        0x4 ./Core/Src/main.o
                0x0000000024000330                A_buffer
 .bss.A_flag    0x0000000024000334        0x4 ./Core/Src/main.o
                0x0000000024000334                A_flag
 .bss.mode_switch
                0x0000000024000338        0x4 ./Core/Src/main.o
                0x0000000024000338                mode_switch
 .bss.vel_ctl_2_kp_tuning
                0x000000002400033c        0x4 ./Core/Src/main.o
                0x000000002400033c                vel_ctl_2_kp_tuning
 .bss.profile_1
                0x0000000024000340       0x30 ./Core/Src/motor_control.o
                0x0000000024000340                profile_1
 .bss.profile_2
                0x0000000024000370       0x30 ./Core/Src/motor_control.o
                0x0000000024000370                profile_2
 .bss.profile_3
                0x00000000240003a0       0x30 ./Core/Src/motor_control.o
                0x00000000240003a0                profile_3
 .bss.vel_ctl_1
                0x00000000240003d0       0x88 ./Core/Src/motor_control.o
                0x00000000240003d0                vel_ctl_1
 .bss.vel_ctl_2
                0x0000000024000458       0x88 ./Core/Src/motor_control.o
                0x0000000024000458                vel_ctl_2
 .bss.vel_ctl_3
                0x00000000240004e0       0x88 ./Core/Src/motor_control.o
                0x00000000240004e0                vel_ctl_3
 .bss.pos_ctl_1
                0x0000000024000568       0x88 ./Core/Src/motor_control.o
                0x0000000024000568                pos_ctl_1
 .bss.pos_ctl_2
                0x00000000240005f0       0x88 ./Core/Src/motor_control.o
                0x00000000240005f0                pos_ctl_2
 .bss.pos_ctl_3
                0x0000000024000678       0x88 ./Core/Src/motor_control.o
                0x0000000024000678                pos_ctl_3
 .bss.m_state_1
                0x0000000024000700       0x28 ./Core/Src/motor_control.o
                0x0000000024000700                m_state_1
 .bss.m_state_2
                0x0000000024000728       0x28 ./Core/Src/motor_control.o
                0x0000000024000728                m_state_2
 .bss.m_state_3
                0x0000000024000750       0x28 ./Core/Src/motor_control.o
                0x0000000024000750                m_state_3
 .bss.pos_test_pid
                0x0000000024000778       0x28 ./Core/Src/motor_control.o
                0x0000000024000778                pos_test_pid
 .bss.vel_test_pid
                0x00000000240007a0       0x28 ./Core/Src/motor_control.o
                0x00000000240007a0                vel_test_pid
 .bss.hspi1     0x00000000240007c8       0x88 ./Core/Src/spi.o
                0x00000000240007c8                hspi1
 .bss.hspi2     0x0000000024000850       0x88 ./Core/Src/spi.o
                0x0000000024000850                hspi2
 .bss.hspi3     0x00000000240008d8       0x88 ./Core/Src/spi.o
                0x00000000240008d8                hspi3
 .bss.hspi4     0x0000000024000960       0x88 ./Core/Src/spi.o
                0x0000000024000960                hspi4
 .bss.hspi5     0x00000000240009e8       0x88 ./Core/Src/spi.o
                0x00000000240009e8                hspi5
 .bss.hspi6     0x0000000024000a70       0x88 ./Core/Src/spi.o
                0x0000000024000a70                hspi6
 .bss.Actuator_flag
                0x0000000024000af8        0x4 ./Core/Src/stm32h7xx_it.o
                0x0000000024000af8                Actuator_flag
 .bss.Motor_flag
                0x0000000024000afc        0x4 ./Core/Src/stm32h7xx_it.o
                0x0000000024000afc                Motor_flag
 .bss.IRQ_flag  0x0000000024000b00        0x4 ./Core/Src/stm32h7xx_it.o
                0x0000000024000b00                IRQ_flag
 .bss.decimal   0x0000000024000b04        0x4 ./Core/Src/stm32h7xx_it.o
                0x0000000024000b04                decimal
 .bss.decimal2  0x0000000024000b08        0x4 ./Core/Src/stm32h7xx_it.o
                0x0000000024000b08                decimal2
 .bss.decimal3  0x0000000024000b0c        0x4 ./Core/Src/stm32h7xx_it.o
                0x0000000024000b0c                decimal3
 .bss.hexa      0x0000000024000b10        0x6 ./Core/Src/stm32h7xx_it.o
                0x0000000024000b10                hexa
 *fill*         0x0000000024000b16        0x2 
 .bss.hexa2     0x0000000024000b18        0x2 ./Core/Src/stm32h7xx_it.o
                0x0000000024000b18                hexa2
 *fill*         0x0000000024000b1a        0x2 
 .bss.hexa3     0x0000000024000b1c        0x2 ./Core/Src/stm32h7xx_it.o
                0x0000000024000b1c                hexa3
 *fill*         0x0000000024000b1e        0x2 
 .bss.hexa_final
                0x0000000024000b20        0x6 ./Core/Src/stm32h7xx_it.o
                0x0000000024000b20                hexa_final
 *fill*         0x0000000024000b26        0x2 
 .bss.ctl_timer
                0x0000000024000b28        0x4 ./Core/Src/stm32h7xx_it.o
                0x0000000024000b28                ctl_timer
 .bss.operation_timer
                0x0000000024000b2c        0x4 ./Core/Src/stm32h7xx_it.o
                0x0000000024000b2c                operation_timer
 .bss.Rx_start_timer
                0x0000000024000b30        0x4 ./Core/Src/stm32h7xx_it.o
                0x0000000024000b30                Rx_start_timer
 .bss.Tx_start_timer
                0x0000000024000b34        0x4 ./Core/Src/stm32h7xx_it.o
                0x0000000024000b34                Tx_start_timer
 .bss.Rx_start  0x0000000024000b38        0x4 ./Core/Src/stm32h7xx_it.o
                0x0000000024000b38                Rx_start
 .bss.tuning_ang_1
                0x0000000024000b3c        0x4 ./Core/Src/stm32h7xx_it.o
                0x0000000024000b3c                tuning_ang_1
 .bss.tuning_ang_2
                0x0000000024000b40        0x4 ./Core/Src/stm32h7xx_it.o
                0x0000000024000b40                tuning_ang_2
 .bss.tuning_ang_3
                0x0000000024000b44        0x4 ./Core/Src/stm32h7xx_it.o
                0x0000000024000b44                tuning_ang_3
 .bss.__sbrk_heap_end
                0x0000000024000b48        0x4 ./Core/Src/sysmem.o
 .bss.htim7     0x0000000024000b4c       0x4c ./Core/Src/tim.o
                0x0000000024000b4c                htim7
 .bss.huart1    0x0000000024000b98       0x94 ./Core/Src/usart.o
                0x0000000024000b98                huart1
 .bss.huart6    0x0000000024000c2c       0x94 ./Core/Src/usart.o
                0x0000000024000c2c                huart6
 .bss.hdma_usart1_tx
                0x0000000024000cc0       0x78 ./Core/Src/usart.o
                0x0000000024000cc0                hdma_usart1_tx
 .bss.hdma_usart1_rx
                0x0000000024000d38       0x78 ./Core/Src/usart.o
                0x0000000024000d38                hdma_usart1_rx
 .bss.hdma_usart6_rx
                0x0000000024000db0       0x78 ./Core/Src/usart.o
                0x0000000024000db0                hdma_usart6_rx
 .bss.hdma_usart6_tx
                0x0000000024000e28       0x78 ./Core/Src/usart.o
                0x0000000024000e28                hdma_usart6_tx
 .bss.uwTick    0x0000000024000ea0        0x4 ./Drivers/STM32H7xx_HAL_Driver/stm32h7xx_hal.o
                0x0000000024000ea0                uwTick
 .bss.__malloc_free_list
                0x0000000024000ea4        0x4 c:/st/stm32cubeide_1.11.2/stm32cubeide/plugins/com.st.stm32cube.ide.mcu.externaltools.gnu-tools-for-stm32.10.3-2021.10.win32_1.0.100.202210260954/tools/bin/../lib/gcc/arm-none-eabi/10.3.1/../../../../arm-none-eabi/lib/thumb/v7e-m+dp/hard\libc_nano.a(lib_a-nano-mallocr.o)
                0x0000000024000ea4                __malloc_free_list
 .bss.__malloc_sbrk_start
                0x0000000024000ea8        0x4 c:/st/stm32cubeide_1.11.2/stm32cubeide/plugins/com.st.stm32cube.ide.mcu.externaltools.gnu-tools-for-stm32.10.3-2021.10.win32_1.0.100.202210260954/tools/bin/../lib/gcc/arm-none-eabi/10.3.1/../../../../arm-none-eabi/lib/thumb/v7e-m+dp/hard\libc_nano.a(lib_a-nano-mallocr.o)
                0x0000000024000ea8                __malloc_sbrk_start
 .bss.errno     0x0000000024000eac        0x4 c:/st/stm32cubeide_1.11.2/stm32cubeide/plugins/com.st.stm32cube.ide.mcu.externaltools.gnu-tools-for-stm32.10.3-2021.10.win32_1.0.100.202210260954/tools/bin/../lib/gcc/arm-none-eabi/10.3.1/../../../../arm-none-eabi/lib/thumb/v7e-m+dp/hard\libc_nano.a(lib_a-reent.o)
                0x0000000024000eac                errno
 .bss.__lock___malloc_recursive_mutex
                0x0000000024000eb0        0x1 c:/st/stm32cubeide_1.11.2/stm32cubeide/plugins/com.st.stm32cube.ide.mcu.externaltools.gnu-tools-for-stm32.10.3-2021.10.win32_1.0.100.202210260954/tools/bin/../lib/gcc/arm-none-eabi/10.3.1/../../../../arm-none-eabi/lib/thumb/v7e-m+dp/hard\libc_nano.a(lib_a-lock.o)
                0x0000000024000eb0                __lock___malloc_recursive_mutex
 *(COMMON)
                0x0000000024000eb4                . = ALIGN (0x4)
 *fill*         0x0000000024000eb1        0x3 
                0x0000000024000eb4                _ebss = .
                0x0000000024000eb4                __bss_end__ = _ebss

._user_heap_stack
                0x0000000024000eb4      0x604 load address 0x000000000800ee70
                0x0000000024000eb8                . = ALIGN (0x8)
 *fill*         0x0000000024000eb4        0x4 
                [!provide]                        PROVIDE (end = .)
                0x0000000024000eb8                PROVIDE (_end = .)
                0x00000000240010b8                . = (. + _Min_Heap_Size)
 *fill*         0x0000000024000eb8      0x200 
                0x00000000240014b8                . = (. + _Min_Stack_Size)
 *fill*         0x00000000240010b8      0x400 
                0x00000000240014b8                . = ALIGN (0x8)

/DISCARD/
 libc.a(*)
 libm.a(*)
 libgcc.a(*)

.ARM.attributes
                0x0000000000000000       0x2e
 *(.ARM.attributes)
 .ARM.attributes
                0x0000000000000000       0x1e c:/st/stm32cubeide_1.11.2/stm32cubeide/plugins/com.st.stm32cube.ide.mcu.externaltools.gnu-tools-for-stm32.10.3-2021.10.win32_1.0.100.202210260954/tools/bin/../lib/gcc/arm-none-eabi/10.3.1/thumb/v7e-m+dp/hard/crti.o
 .ARM.attributes
                0x000000000000001e       0x32 c:/st/stm32cubeide_1.11.2/stm32cubeide/plugins/com.st.stm32cube.ide.mcu.externaltools.gnu-tools-for-stm32.10.3-2021.10.win32_1.0.100.202210260954/tools/bin/../lib/gcc/arm-none-eabi/10.3.1/thumb/v7e-m+dp/hard/crtbegin.o
 .ARM.attributes
                0x0000000000000050       0x32 ./Common/Src/system_stm32h7xx_dualcore_boot_cm4_cm7.o
 .ARM.attributes
                0x0000000000000082       0x32 ./Core/Src/absolute_encoder.o
 .ARM.attributes
                0x00000000000000b4       0x32 ./Core/Src/dma.o
 .ARM.attributes
                0x00000000000000e6       0x32 ./Core/Src/fdcan.o
 .ARM.attributes
                0x0000000000000118       0x32 ./Core/Src/gpio.o
 .ARM.attributes
                0x000000000000014a       0x32 ./Core/Src/main.o
 .ARM.attributes
                0x000000000000017c       0x32 ./Core/Src/motor_control.o
 .ARM.attributes
                0x00000000000001ae       0x32 ./Core/Src/spi.o
 .ARM.attributes
                0x00000000000001e0       0x32 ./Core/Src/stm32h7xx_hal_msp.o
 .ARM.attributes
                0x0000000000000212       0x32 ./Core/Src/stm32h7xx_it.o
 .ARM.attributes
                0x0000000000000244       0x32 ./Core/Src/sysmem.o
 .ARM.attributes
                0x0000000000000276       0x32 ./Core/Src/tim.o
 .ARM.attributes
                0x00000000000002a8       0x32 ./Core/Src/usart.o
 .ARM.attributes
                0x00000000000002da       0x21 ./Core/Startup/startup_stm32h745zitx.o
 .ARM.attributes
                0x00000000000002fb       0x32 ./Drivers/STM32H7xx_HAL_Driver/stm32h7xx_hal.o
 .ARM.attributes
                0x000000000000032d       0x32 ./Drivers/STM32H7xx_HAL_Driver/stm32h7xx_hal_cortex.o
 .ARM.attributes
                0x000000000000035f       0x32 ./Drivers/STM32H7xx_HAL_Driver/stm32h7xx_hal_dma.o
 .ARM.attributes
                0x0000000000000391       0x32 ./Drivers/STM32H7xx_HAL_Driver/stm32h7xx_hal_fdcan.o
 .ARM.attributes
                0x00000000000003c3       0x32 ./Drivers/STM32H7xx_HAL_Driver/stm32h7xx_hal_gpio.o
 .ARM.attributes
                0x00000000000003f5       0x32 ./Drivers/STM32H7xx_HAL_Driver/stm32h7xx_hal_hsem.o
 .ARM.attributes
                0x0000000000000427       0x32 ./Drivers/STM32H7xx_HAL_Driver/stm32h7xx_hal_pwr_ex.o
 .ARM.attributes
                0x0000000000000459       0x32 ./Drivers/STM32H7xx_HAL_Driver/stm32h7xx_hal_rcc.o
 .ARM.attributes
                0x000000000000048b       0x32 ./Drivers/STM32H7xx_HAL_Driver/stm32h7xx_hal_rcc_ex.o
 .ARM.attributes
                0x00000000000004bd       0x32 ./Drivers/STM32H7xx_HAL_Driver/stm32h7xx_hal_spi.o
 .ARM.attributes
                0x00000000000004ef       0x32 ./Drivers/STM32H7xx_HAL_Driver/stm32h7xx_hal_tim.o
 .ARM.attributes
                0x0000000000000521       0x32 ./Drivers/STM32H7xx_HAL_Driver/stm32h7xx_hal_tim_ex.o
 .ARM.attributes
                0x0000000000000553       0x32 ./Drivers/STM32H7xx_HAL_Driver/stm32h7xx_hal_uart.o
 .ARM.attributes
                0x0000000000000585       0x32 ./Drivers/STM32H7xx_HAL_Driver/stm32h7xx_hal_uart_ex.o
 .ARM.attributes
                0x00000000000005b7       0x32 c:/st/stm32cubeide_1.11.2/stm32cubeide/plugins/com.st.stm32cube.ide.mcu.externaltools.gnu-tools-for-stm32.10.3-2021.10.win32_1.0.100.202210260954/tools/bin/../lib/gcc/arm-none-eabi/10.3.1/../../../../arm-none-eabi/lib/thumb/v7e-m+dp/hard\libc_nano.a(lib_a-errno.o)
 .ARM.attributes
                0x00000000000005e9       0x32 c:/st/stm32cubeide_1.11.2/stm32cubeide/plugins/com.st.stm32cube.ide.mcu.externaltools.gnu-tools-for-stm32.10.3-2021.10.win32_1.0.100.202210260954/tools/bin/../lib/gcc/arm-none-eabi/10.3.1/../../../../arm-none-eabi/lib/thumb/v7e-m+dp/hard\libc_nano.a(lib_a-impure.o)
 .ARM.attributes
                0x000000000000061b       0x32 c:/st/stm32cubeide_1.11.2/stm32cubeide/plugins/com.st.stm32cube.ide.mcu.externaltools.gnu-tools-for-stm32.10.3-2021.10.win32_1.0.100.202210260954/tools/bin/../lib/gcc/arm-none-eabi/10.3.1/../../../../arm-none-eabi/lib/thumb/v7e-m+dp/hard\libc_nano.a(lib_a-init.o)
 .ARM.attributes
                0x000000000000064d       0x32 c:/st/stm32cubeide_1.11.2/stm32cubeide/plugins/com.st.stm32cube.ide.mcu.externaltools.gnu-tools-for-stm32.10.3-2021.10.win32_1.0.100.202210260954/tools/bin/../lib/gcc/arm-none-eabi/10.3.1/../../../../arm-none-eabi/lib/thumb/v7e-m+dp/hard\libc_nano.a(lib_a-memcpy-stub.o)
 .ARM.attributes
                0x000000000000067f       0x32 c:/st/stm32cubeide_1.11.2/stm32cubeide/plugins/com.st.stm32cube.ide.mcu.externaltools.gnu-tools-for-stm32.10.3-2021.10.win32_1.0.100.202210260954/tools/bin/../lib/gcc/arm-none-eabi/10.3.1/../../../../arm-none-eabi/lib/thumb/v7e-m+dp/hard\libc_nano.a(lib_a-memset.o)
 .ARM.attributes
                0x00000000000006b1       0x32 c:/st/stm32cubeide_1.11.2/stm32cubeide/plugins/com.st.stm32cube.ide.mcu.externaltools.gnu-tools-for-stm32.10.3-2021.10.win32_1.0.100.202210260954/tools/bin/../lib/gcc/arm-none-eabi/10.3.1/../../../../arm-none-eabi/lib/thumb/v7e-m+dp/hard\libc_nano.a(lib_a-sprintf.o)
 .ARM.attributes
                0x00000000000006e3       0x17 c:/st/stm32cubeide_1.11.2/stm32cubeide/plugins/com.st.stm32cube.ide.mcu.externaltools.gnu-tools-for-stm32.10.3-2021.10.win32_1.0.100.202210260954/tools/bin/../lib/gcc/arm-none-eabi/10.3.1/../../../../arm-none-eabi/lib/thumb/v7e-m+dp/hard\libc_nano.a(lib_a-strlen.o)
 .ARM.attributes
                0x00000000000006fa       0x32 c:/st/stm32cubeide_1.11.2/stm32cubeide/plugins/com.st.stm32cube.ide.mcu.externaltools.gnu-tools-for-stm32.10.3-2021.10.win32_1.0.100.202210260954/tools/bin/../lib/gcc/arm-none-eabi/10.3.1/../../../../arm-none-eabi/lib/thumb/v7e-m+dp/hard\libc_nano.a(lib_a-nano-svfprintf.o)
 .ARM.attributes
                0x000000000000072c       0x32 c:/st/stm32cubeide_1.11.2/stm32cubeide/plugins/com.st.stm32cube.ide.mcu.externaltools.gnu-tools-for-stm32.10.3-2021.10.win32_1.0.100.202210260954/tools/bin/../lib/gcc/arm-none-eabi/10.3.1/../../../../arm-none-eabi/lib/thumb/v7e-m+dp/hard\libc_nano.a(lib_a-nano-vfprintf_i.o)
 .ARM.attributes
                0x000000000000075e       0x1c c:/st/stm32cubeide_1.11.2/stm32cubeide/plugins/com.st.stm32cube.ide.mcu.externaltools.gnu-tools-for-stm32.10.3-2021.10.win32_1.0.100.202210260954/tools/bin/../lib/gcc/arm-none-eabi/10.3.1/../../../../arm-none-eabi/lib/thumb/v7e-m+dp/hard\libc_nano.a(lib_a-memchr.o)
 .ARM.attributes
                0x000000000000077a       0x32 c:/st/stm32cubeide_1.11.2/stm32cubeide/plugins/com.st.stm32cube.ide.mcu.externaltools.gnu-tools-for-stm32.10.3-2021.10.win32_1.0.100.202210260954/tools/bin/../lib/gcc/arm-none-eabi/10.3.1/../../../../arm-none-eabi/lib/thumb/v7e-m+dp/hard\libc_nano.a(lib_a-memmove.o)
 .ARM.attributes
                0x00000000000007ac       0x32 c:/st/stm32cubeide_1.11.2/stm32cubeide/plugins/com.st.stm32cube.ide.mcu.externaltools.gnu-tools-for-stm32.10.3-2021.10.win32_1.0.100.202210260954/tools/bin/../lib/gcc/arm-none-eabi/10.3.1/../../../../arm-none-eabi/lib/thumb/v7e-m+dp/hard\libc_nano.a(lib_a-nano-freer.o)
 .ARM.attributes
                0x00000000000007de       0x32 c:/st/stm32cubeide_1.11.2/stm32cubeide/plugins/com.st.stm32cube.ide.mcu.externaltools.gnu-tools-for-stm32.10.3-2021.10.win32_1.0.100.202210260954/tools/bin/../lib/gcc/arm-none-eabi/10.3.1/../../../../arm-none-eabi/lib/thumb/v7e-m+dp/hard\libc_nano.a(lib_a-nano-mallocr.o)
 .ARM.attributes
                0x0000000000000810       0x32 c:/st/stm32cubeide_1.11.2/stm32cubeide/plugins/com.st.stm32cube.ide.mcu.externaltools.gnu-tools-for-stm32.10.3-2021.10.win32_1.0.100.202210260954/tools/bin/../lib/gcc/arm-none-eabi/10.3.1/../../../../arm-none-eabi/lib/thumb/v7e-m+dp/hard\libc_nano.a(lib_a-nano-reallocr.o)
 .ARM.attributes
                0x0000000000000842       0x32 c:/st/stm32cubeide_1.11.2/stm32cubeide/plugins/com.st.stm32cube.ide.mcu.externaltools.gnu-tools-for-stm32.10.3-2021.10.win32_1.0.100.202210260954/tools/bin/../lib/gcc/arm-none-eabi/10.3.1/../../../../arm-none-eabi/lib/thumb/v7e-m+dp/hard\libc_nano.a(lib_a-sbrkr.o)
 .ARM.attributes
                0x0000000000000874       0x32 c:/st/stm32cubeide_1.11.2/stm32cubeide/plugins/com.st.stm32cube.ide.mcu.externaltools.gnu-tools-for-stm32.10.3-2021.10.win32_1.0.100.202210260954/tools/bin/../lib/gcc/arm-none-eabi/10.3.1/../../../../arm-none-eabi/lib/thumb/v7e-m+dp/hard\libc_nano.a(lib_a-mlock.o)
 .ARM.attributes
                0x00000000000008a6       0x32 c:/st/stm32cubeide_1.11.2/stm32cubeide/plugins/com.st.stm32cube.ide.mcu.externaltools.gnu-tools-for-stm32.10.3-2021.10.win32_1.0.100.202210260954/tools/bin/../lib/gcc/arm-none-eabi/10.3.1/../../../../arm-none-eabi/lib/thumb/v7e-m+dp/hard\libc_nano.a(lib_a-nano-msizer.o)
 .ARM.attributes
                0x00000000000008d8       0x32 c:/st/stm32cubeide_1.11.2/stm32cubeide/plugins/com.st.stm32cube.ide.mcu.externaltools.gnu-tools-for-stm32.10.3-2021.10.win32_1.0.100.202210260954/tools/bin/../lib/gcc/arm-none-eabi/10.3.1/../../../../arm-none-eabi/lib/thumb/v7e-m+dp/hard\libc_nano.a(lib_a-reent.o)
 .ARM.attributes
                0x000000000000090a       0x32 c:/st/stm32cubeide_1.11.2/stm32cubeide/plugins/com.st.stm32cube.ide.mcu.externaltools.gnu-tools-for-stm32.10.3-2021.10.win32_1.0.100.202210260954/tools/bin/../lib/gcc/arm-none-eabi/10.3.1/../../../../arm-none-eabi/lib/thumb/v7e-m+dp/hard\libc_nano.a(lib_a-lock.o)
 .ARM.attributes
                0x000000000000093c       0x1e c:/st/stm32cubeide_1.11.2/stm32cubeide/plugins/com.st.stm32cube.ide.mcu.externaltools.gnu-tools-for-stm32.10.3-2021.10.win32_1.0.100.202210260954/tools/bin/../lib/gcc/arm-none-eabi/10.3.1/thumb/v7e-m+dp/hard\libgcc.a(_aeabi_uldivmod.o)
 .ARM.attributes
                0x000000000000095a       0x32 c:/st/stm32cubeide_1.11.2/stm32cubeide/plugins/com.st.stm32cube.ide.mcu.externaltools.gnu-tools-for-stm32.10.3-2021.10.win32_1.0.100.202210260954/tools/bin/../lib/gcc/arm-none-eabi/10.3.1/thumb/v7e-m+dp/hard\libgcc.a(_udivmoddi4.o)
 .ARM.attributes
                0x000000000000098c       0x1e c:/st/stm32cubeide_1.11.2/stm32cubeide/plugins/com.st.stm32cube.ide.mcu.externaltools.gnu-tools-for-stm32.10.3-2021.10.win32_1.0.100.202210260954/tools/bin/../lib/gcc/arm-none-eabi/10.3.1/thumb/v7e-m+dp/hard\libgcc.a(_dvmd_tls.o)
 .ARM.attributes
                0x00000000000009aa       0x1e c:/st/stm32cubeide_1.11.2/stm32cubeide/plugins/com.st.stm32cube.ide.mcu.externaltools.gnu-tools-for-stm32.10.3-2021.10.win32_1.0.100.202210260954/tools/bin/../lib/gcc/arm-none-eabi/10.3.1/thumb/v7e-m+dp/hard/crtn.o
OUTPUT(Motor_test_CM7.elf elf32-littlearm)
LOAD linker stubs
LOAD c:/st/stm32cubeide_1.11.2/stm32cubeide/plugins/com.st.stm32cube.ide.mcu.externaltools.gnu-tools-for-stm32.10.3-2021.10.win32_1.0.100.202210260954/tools/bin/../lib/gcc/arm-none-eabi/10.3.1/../../../../arm-none-eabi/lib/thumb/v7e-m+dp/hard\libc.a
LOAD c:/st/stm32cubeide_1.11.2/stm32cubeide/plugins/com.st.stm32cube.ide.mcu.externaltools.gnu-tools-for-stm32.10.3-2021.10.win32_1.0.100.202210260954/tools/bin/../lib/gcc/arm-none-eabi/10.3.1/../../../../arm-none-eabi/lib/thumb/v7e-m+dp/hard\libm.a
LOAD c:/st/stm32cubeide_1.11.2/stm32cubeide/plugins/com.st.stm32cube.ide.mcu.externaltools.gnu-tools-for-stm32.10.3-2021.10.win32_1.0.100.202210260954/tools/bin/../lib/gcc/arm-none-eabi/10.3.1/thumb/v7e-m+dp/hard\libgcc.a

.debug_info     0x0000000000000000    0x23215
 .debug_info    0x0000000000000000      0xdca ./Common/Src/system_stm32h7xx_dualcore_boot_cm4_cm7.o
 .debug_info    0x0000000000000dca      0xfcb ./Core/Src/absolute_encoder.o
 .debug_info    0x0000000000001d95      0x885 ./Core/Src/dma.o
 .debug_info    0x000000000000261a     0x1590 ./Core/Src/fdcan.o
 .debug_info    0x0000000000003baa      0x6ff ./Core/Src/gpio.o
 .debug_info    0x00000000000042a9     0x2592 ./Core/Src/main.o
 .debug_info    0x000000000000683b      0x53b ./Core/Src/motor_control.o
 .debug_info    0x0000000000006d76     0x1375 ./Core/Src/spi.o
 .debug_info    0x00000000000080eb      0x4a4 ./Core/Src/stm32h7xx_hal_msp.o
 .debug_info    0x000000000000858f     0x1d22 ./Core/Src/stm32h7xx_it.o
 .debug_info    0x000000000000a2b1      0x171 ./Core/Src/sysmem.o
 .debug_info    0x000000000000a422     0x10a3 ./Core/Src/tim.o
 .debug_info    0x000000000000b4c5     0x165a ./Core/Src/usart.o
 .debug_info    0x000000000000cb1f       0x22 ./Core/Startup/startup_stm32h745zitx.o
 .debug_info    0x000000000000cb41     0x1826 ./Drivers/STM32H7xx_HAL_Driver/stm32h7xx_hal.o
 .debug_info    0x000000000000e367     0x118b ./Drivers/STM32H7xx_HAL_Driver/stm32h7xx_hal_cortex.o
 .debug_info    0x000000000000f4f2      0xce8 ./Drivers/STM32H7xx_HAL_Driver/stm32h7xx_hal_dma.o
 .debug_info    0x00000000000101da     0x2dae ./Drivers/STM32H7xx_HAL_Driver/stm32h7xx_hal_fdcan.o
 .debug_info    0x0000000000012f88      0xde0 ./Drivers/STM32H7xx_HAL_Driver/stm32h7xx_hal_gpio.o
 .debug_info    0x0000000000013d68      0x3fd ./Drivers/STM32H7xx_HAL_Driver/stm32h7xx_hal_hsem.o
 .debug_info    0x0000000000014165     0x12c2 ./Drivers/STM32H7xx_HAL_Driver/stm32h7xx_hal_pwr_ex.o
 .debug_info    0x0000000000015427      0xf48 ./Drivers/STM32H7xx_HAL_Driver/stm32h7xx_hal_rcc.o
 .debug_info    0x000000000001636f     0x13b9 ./Drivers/STM32H7xx_HAL_Driver/stm32h7xx_hal_rcc_ex.o
 .debug_info    0x0000000000017728     0x159c ./Drivers/STM32H7xx_HAL_Driver/stm32h7xx_hal_spi.o
 .debug_info    0x0000000000018cc4     0x2e05 ./Drivers/STM32H7xx_HAL_Driver/stm32h7xx_hal_tim.o
 .debug_info    0x000000000001bac9     0x1928 ./Drivers/STM32H7xx_HAL_Driver/stm32h7xx_hal_tim_ex.o
 .debug_info    0x000000000001d3f1     0x4dca ./Drivers/STM32H7xx_HAL_Driver/stm32h7xx_hal_uart.o
 .debug_info    0x00000000000221bb     0x105a ./Drivers/STM32H7xx_HAL_Driver/stm32h7xx_hal_uart_ex.o

.debug_abbrev   0x0000000000000000     0x3a40
 .debug_abbrev  0x0000000000000000      0x147 ./Common/Src/system_stm32h7xx_dualcore_boot_cm4_cm7.o
 .debug_abbrev  0x0000000000000147      0x234 ./Core/Src/absolute_encoder.o