../Core/Src/stm32h7xx_it.c:133:6:NMI_Handler	4	static
../Core/Src/stm32h7xx_it.c:146:6:HardFault_Handler	4	static
../Core/Src/stm32h7xx_it.c:159:6:MemManage_Handler	4	static
../Core/Src/stm32h7xx_it.c:172:6:BusFault_Handler	4	static
../Core/Src/stm32h7xx_it.c:185:6:UsageFault_Handler	4	static
../Core/Src/stm32h7xx_it.c:198:6:SVC_Handler	4	static
../Core/Src/stm32h7xx_it.c:210:6:DebugMon_Handler	4	static
../Core/Src/stm32h7xx_it.c:222:6:PendSV_Handler	4	static
../Core/Src/stm32h7xx_it.c:234:6:SysTick_Handler	8	static
../Core/Src/stm32h7xx_it.c:254:6:DMA1_Stream0_IRQHandler	8	static
../Core/Src/stm32h7xx_it.c:267:6:DMA1_Stream1_IRQHandler	8	static
../Core/Src/stm32h7xx_it.c:280:6:DMA1_Stream2_IRQHandler	8	static
../Core/Src/stm32h7xx_it.c:293:6:DMA1_Stream3_IRQHandler	8	static
../Core/Src/stm32h7xx_it.c:306:6:FDCAN1_IT0_IRQHandler	8	static
../Core/Src/stm32h7xx_it.c:328:6:FDCAN1_IT1_IRQHandler	8	static
../Core/Src/stm32h7xx_it.c:342:6:USART1_IRQHandler	8	static
../Core/Src/stm32h7xx_it.c:355:6:TIM7_IRQHandler	16	static
../Core/Src/stm32h7xx_it.c:679:6:FDCAN_CAL_IRQHandler	8	static
../Core/Src/stm32h7xx_it.c:692:6:USART6_IRQHandler	8	static
